Archive member included to satisfy reference by file (symbol)

C:/ST/STM32CubeIDE_1.15.1/STM32CubeIDE/plugins/com.st.stm32cube.ide.mcu.externaltools.gnu-tools-for-stm32.12.3.rel1.win32_1.0.100.202403111256/tools/bin/../lib/gcc/arm-none-eabi/12.3.1/../../../../arm-none-eabi/lib/thumb/v7e-m+fp/hard\libc_nano.a(libc_a-exit.o)
                              C:/ST/STM32CubeIDE_1.15.1/STM32CubeIDE/plugins/com.st.stm32cube.ide.mcu.externaltools.gnu-tools-for-stm32.12.3.rel1.win32_1.0.100.202403111256/tools/bin/../lib/gcc/arm-none-eabi/12.3.1/../../../../arm-none-eabi/lib/thumb/v7e-m+fp/hard/crt0.o (exit)
C:/ST/STM32CubeIDE_1.15.1/STM32CubeIDE/plugins/com.st.stm32cube.ide.mcu.externaltools.gnu-tools-for-stm32.12.3.rel1.win32_1.0.100.202403111256/tools/bin/../lib/gcc/arm-none-eabi/12.3.1/../../../../arm-none-eabi/lib/thumb/v7e-m+fp/hard\libc_nano.a(libc_a-findfp.o)
                              C:/ST/STM32CubeIDE_1.15.1/STM32CubeIDE/plugins/com.st.stm32cube.ide.mcu.externaltools.gnu-tools-for-stm32.12.3.rel1.win32_1.0.100.202403111256/tools/bin/../lib/gcc/arm-none-eabi/12.3.1/../../../../arm-none-eabi/lib/thumb/v7e-m+fp/hard\libc_nano.a(libc_a-exit.o) (__stdio_exit_handler)
C:/ST/STM32CubeIDE_1.15.1/STM32CubeIDE/plugins/com.st.stm32cube.ide.mcu.externaltools.gnu-tools-for-stm32.12.3.rel1.win32_1.0.100.202403111256/tools/bin/../lib/gcc/arm-none-eabi/12.3.1/../../../../arm-none-eabi/lib/thumb/v7e-m+fp/hard\libc_nano.a(libc_a-fwalk.o)
                              C:/ST/STM32CubeIDE_1.15.1/STM32CubeIDE/plugins/com.st.stm32cube.ide.mcu.externaltools.gnu-tools-for-stm32.12.3.rel1.win32_1.0.100.202403111256/tools/bin/../lib/gcc/arm-none-eabi/12.3.1/../../../../arm-none-eabi/lib/thumb/v7e-m+fp/hard\libc_nano.a(libc_a-findfp.o) (_fwalk_sglue)
C:/ST/STM32CubeIDE_1.15.1/STM32CubeIDE/plugins/com.st.stm32cube.ide.mcu.externaltools.gnu-tools-for-stm32.12.3.rel1.win32_1.0.100.202403111256/tools/bin/../lib/gcc/arm-none-eabi/12.3.1/../../../../arm-none-eabi/lib/thumb/v7e-m+fp/hard\libc_nano.a(libc_a-stdio.o)
                              C:/ST/STM32CubeIDE_1.15.1/STM32CubeIDE/plugins/com.st.stm32cube.ide.mcu.externaltools.gnu-tools-for-stm32.12.3.rel1.win32_1.0.100.202403111256/tools/bin/../lib/gcc/arm-none-eabi/12.3.1/../../../../arm-none-eabi/lib/thumb/v7e-m+fp/hard\libc_nano.a(libc_a-findfp.o) (__sread)
C:/ST/STM32CubeIDE_1.15.1/STM32CubeIDE/plugins/com.st.stm32cube.ide.mcu.externaltools.gnu-tools-for-stm32.12.3.rel1.win32_1.0.100.202403111256/tools/bin/../lib/gcc/arm-none-eabi/12.3.1/../../../../arm-none-eabi/lib/thumb/v7e-m+fp/hard\libc_nano.a(libc_a-memset.o)
                              C:/ST/STM32CubeIDE_1.15.1/STM32CubeIDE/plugins/com.st.stm32cube.ide.mcu.externaltools.gnu-tools-for-stm32.12.3.rel1.win32_1.0.100.202403111256/tools/bin/../lib/gcc/arm-none-eabi/12.3.1/../../../../arm-none-eabi/lib/thumb/v7e-m+fp/hard/crt0.o (memset)
C:/ST/STM32CubeIDE_1.15.1/STM32CubeIDE/plugins/com.st.stm32cube.ide.mcu.externaltools.gnu-tools-for-stm32.12.3.rel1.win32_1.0.100.202403111256/tools/bin/../lib/gcc/arm-none-eabi/12.3.1/../../../../arm-none-eabi/lib/thumb/v7e-m+fp/hard\libc_nano.a(libc_a-strncmp.o)
                              ./LB_Flash/bootloader.o (strncmp)
C:/ST/STM32CubeIDE_1.15.1/STM32CubeIDE/plugins/com.st.stm32cube.ide.mcu.externaltools.gnu-tools-for-stm32.12.3.rel1.win32_1.0.100.202403111256/tools/bin/../lib/gcc/arm-none-eabi/12.3.1/../../../../arm-none-eabi/lib/thumb/v7e-m+fp/hard\libc_nano.a(libc_a-closer.o)
                              C:/ST/STM32CubeIDE_1.15.1/STM32CubeIDE/plugins/com.st.stm32cube.ide.mcu.externaltools.gnu-tools-for-stm32.12.3.rel1.win32_1.0.100.202403111256/tools/bin/../lib/gcc/arm-none-eabi/12.3.1/../../../../arm-none-eabi/lib/thumb/v7e-m+fp/hard\libc_nano.a(libc_a-stdio.o) (_close_r)
C:/ST/STM32CubeIDE_1.15.1/STM32CubeIDE/plugins/com.st.stm32cube.ide.mcu.externaltools.gnu-tools-for-stm32.12.3.rel1.win32_1.0.100.202403111256/tools/bin/../lib/gcc/arm-none-eabi/12.3.1/../../../../arm-none-eabi/lib/thumb/v7e-m+fp/hard\libc_nano.a(libc_a-reent.o)
                              C:/ST/STM32CubeIDE_1.15.1/STM32CubeIDE/plugins/com.st.stm32cube.ide.mcu.externaltools.gnu-tools-for-stm32.12.3.rel1.win32_1.0.100.202403111256/tools/bin/../lib/gcc/arm-none-eabi/12.3.1/../../../../arm-none-eabi/lib/thumb/v7e-m+fp/hard\libc_nano.a(libc_a-closer.o) (errno)
C:/ST/STM32CubeIDE_1.15.1/STM32CubeIDE/plugins/com.st.stm32cube.ide.mcu.externaltools.gnu-tools-for-stm32.12.3.rel1.win32_1.0.100.202403111256/tools/bin/../lib/gcc/arm-none-eabi/12.3.1/../../../../arm-none-eabi/lib/thumb/v7e-m+fp/hard\libc_nano.a(libc_a-impure.o)
                              C:/ST/STM32CubeIDE_1.15.1/STM32CubeIDE/plugins/com.st.stm32cube.ide.mcu.externaltools.gnu-tools-for-stm32.12.3.rel1.win32_1.0.100.202403111256/tools/bin/../lib/gcc/arm-none-eabi/12.3.1/../../../../arm-none-eabi/lib/thumb/v7e-m+fp/hard\libc_nano.a(libc_a-reent.o) (_impure_ptr)
[...]
Memory Configuration

Name             Origin             Length             Attributes
CCMRAM           0x10000000         0x00010000         xrw
RAM              0x20000000         0x00020000         xrw
FLASH            0x08000000         0x00080000         xr
*default*        0x00000000         0xffffffff

Linker script and memory map

LOAD C:/ST/STM32CubeIDE_1.15.1/STM32CubeIDE/plugins/com.st.stm32cube.ide.mcu.externaltools.gnu-tools-for-stm32.12.3.rel1.win32_1.0.100.202403111256/tools/bin/../lib/gcc/arm-none-eabi/12.3.1/thumb/v7e-m+fp/hard/crti.o
LOAD C:/ST/STM32CubeIDE_1.15.1/STM32CubeIDE/plugins/com.st.stm32cube.ide.mcu.externaltools.gnu-tools-for-stm32.12.3.rel1.win32_1.0.100.202403111256/tools/bin/../lib/gcc/arm-none-eabi/12.3.1/thumb/v7e-m+fp/hard/crtbegin.o
LOAD C:/ST/STM32CubeIDE_1.15.1/STM32CubeIDE/plugins/com.st.stm32cube.ide.mcu.externaltools.gnu-tools-for-stm32.12.3.rel1.win32_1.0.100.202403111256/tools/bin/../lib/gcc/arm-none-eabi/12.3.1/../../../../arm-none-eabi/lib/thumb/v7e-m+fp/hard/crt0.o
LOAD ./Core/Src/main.o
LOAD ./Core/Src/stm32f4xx_hal_msp.o
LOAD ./Core/Src/stm32f4xx_it.o
LOAD ./Core/Src/syscalls.o
LOAD ./Core/Src/sysmem.o
LOAD ./Core/Src/system_stm32f4xx.o
LOAD ./Core/Startup/startup_stm32f407vetx.o
LOAD ./Drivers/STM32F4xx_HAL_Driver/Src/stm32f4xx_hal.o
LOAD ./Drivers/STM32F4xx_HAL_Driver/Src/stm32f4xx_hal_cortex.o
LOAD ./Drivers/STM32F4xx_HAL_Driver/Src/stm32f4xx_hal_crc.o
LOAD ./Drivers/STM32F4xx_HAL_Driver/Src/stm32f4xx_hal_dma.o
LOAD ./Drivers/STM32F4xx_HAL_Driver/Src/stm32f4xx_hal_dma_ex.o
LOAD ./Drivers/STM32F4xx_HAL_Driver/Src/stm32f4xx_hal_exti.o
LOAD ./Drivers/STM32F4xx_HAL_Driver/Src/stm32f4xx_hal_flash.o
LOAD ./Drivers/STM32F4xx_HAL_Driver/Src/stm32f4xx_hal_flash_ex.o
LOAD ./Drivers/STM32F4xx_HAL_Driver/Src/stm32f4xx_hal_flash_ramfunc.o
LOAD ./Drivers/STM32F4xx_HAL_Driver/Src/stm32f4xx_hal_gpio.o
LOAD ./Drivers/STM32F4xx_HAL_Driver/Src/stm32f4xx_hal_pcd.o
LOAD ./Drivers/STM32F4xx_HAL_Driver/Src/stm32f4xx_hal_pcd_ex.o
LOAD ./Drivers/STM32F4xx_HAL_Driver/Src/stm32f4xx_hal_pwr.o
LOAD ./Drivers/STM32F4xx_HAL_Driver/Src/stm32f4xx_hal_pwr_ex.o
LOAD ./Drivers/STM32F4xx_HAL_Driver/Src/stm32f4xx_hal_rcc.o
LOAD ./Drivers/STM32F4xx_HAL_Driver/Src/stm32f4xx_hal_rcc_ex.o
LOAD ./Drivers/STM32F4xx_HAL_Driver/Src/stm32f4xx_hal_tim.o
LOAD ./Drivers/STM32F4xx_HAL_Driver/Src/stm32f4xx_hal_tim_ex.o
LOAD ./Drivers/STM32F4xx_HAL_Driver/Src/stm32f4xx_ll_usb.o
LOAD ./LB_Flash/CRC.o
LOAD ./LB_Flash/Flash_control.o
LOAD ./LB_Flash/bootloader.o
LOAD ./LB_Flash/bootloder_jumpto_app.o
LOAD ./Middlewares/ST/STM32_USB_Device_Library/Class/CDC/Src/usbd_cdc.o
LOAD ./Middlewares/ST/STM32_USB_Device_Library/Core/Src/usbd_core.o
LOAD ./Middlewares/ST/STM32_USB_Device_Library/Core/Src/usbd_ctlreq.o
LOAD ./Middlewares/ST/STM32_USB_Device_Library/Core/Src/usbd_ioreq.o
LOAD ./USB_DEVICE/App/usb_device.o
LOAD ./USB_DEVICE/App/usbd_cdc_if.o
LOAD ./USB_DEVICE/App/usbd_desc.o
LOAD ./USB_DEVICE/Target/usbd_conf.o
START GROUP
LOAD C:/ST/STM32CubeIDE_1.15.1/STM32CubeIDE/plugins/com.st.stm32cube.ide.mcu.externaltools.gnu-tools-for-stm32.12.3.rel1.win32_1.0.100.202403111256/tools/bin/../lib/gcc/arm-none-eabi/12.3.1/../../../../arm-none-eabi/lib/thumb/v7e-m+fp/hard\libc_nano.a
LOAD C:/ST/STM32CubeIDE_1.15.1/STM32CubeIDE/plugins/com.st.stm32cube.ide.mcu.externaltools.gnu-tools-for-stm32.12.3.rel1.win32_1.0.100.202403111256/tools/bin/../lib/gcc/arm-none-eabi/12.3.1/../../../../arm-none-eabi/lib/thumb/v7e-m+fp/hard\libm.a
END GROUP
START GROUP
LOAD C:/ST/STM32CubeIDE_1.15.1/STM32CubeIDE/plugins/com.st.stm32cube.ide.mcu.externaltools.gnu-tools-for-stm32.12.3.rel1.win32_1.0.100.202403111256/tools/bin/../lib/gcc/arm-none-eabi/12.3.1/thumb/v7e-m+fp/hard\libgcc.a
LOAD C:/ST/STM32CubeIDE_1.15.1/STM32CubeIDE/plugins/com.st.stm32cube.ide.mcu.externaltools.gnu-tools-for-stm32.12.3.rel1.win32_1.0.100.202403111256/tools/bin/../lib/gcc/arm-none-eabi/12.3.1/../../../../arm-none-eabi/lib/thumb/v7e-m+fp/hard\libc_nano.a
END GROUP
START GROUP
LOAD C:/ST/STM32CubeIDE_1.15.1/STM32CubeIDE/plugins/com.st.stm32cube.ide.mcu.externaltools.gnu-tools-for-stm32.12.3.rel1.win32_1.0.100.202403111256/tools/bin/../lib/gcc/arm-none-eabi/12.3.1/thumb/v7e-m+fp/hard\libgcc.a
LOAD C:/ST/STM32CubeIDE_1.15.1/STM32CubeIDE/plugins/com.st.stm32cube.ide.mcu.externaltools.gnu-tools-for-stm32.12.3.rel1.win32_1.0.100.202403111256/tools/bin/../lib/gcc/arm-none-eabi/12.3.1/../../../../arm-none-eabi/lib/thumb/v7e-m+fp/hard\libc_nano.a
LOAD C:/ST/STM32CubeIDE_1.15.1/STM32CubeIDE/plugins/com.st.stm32cube.ide.mcu.externaltools.gnu-tools-for-stm32.12.3.rel1.win32_1.0.100.202403111256/tools/bin/../lib/gcc/arm-none-eabi/12.3.1/../../../../arm-none-eabi/lib/thumb/v7e-m+fp/hard\libnosys.a
END GROUP
START GROUP
LOAD C:/ST/STM32CubeIDE_1.15.1/STM32CubeIDE/plugins/com.st.stm32cube.ide.mcu.externaltools.gnu-tools-for-stm32.12.3.rel1.win32_1.0.100.202403111256/tools/bin/../lib/gcc/arm-none-eabi/12.3.1/thumb/v7e-m+fp/hard\libgcc.a
LOAD C:/ST/STM32CubeIDE_1.15.1/STM32CubeIDE/plugins/com.st.stm32cube.ide.mcu.externaltools.gnu-tools-for-stm32.12.3.rel1.win32_1.0.100.202403111256/tools/bin/../lib/gcc/arm-none-eabi/12.3.1/../../../../arm-none-eabi/lib/thumb/v7e-m+fp/hard\libc_nano.a
LOAD C:/ST/STM32CubeIDE_1.15.1/STM32CubeIDE/plugins/com.st.stm32cube.ide.mcu.externaltools.gnu-tools-for-stm32.12.3.rel1.win32_1.0.100.202403111256/tools/bin/../lib/gcc/arm-none-eabi/12.3.1/../../../../arm-none-eabi/lib/thumb/v7e-m+fp/hard\libnosys.a
END GROUP
LOAD C:/ST/STM32CubeIDE_1.15.1/STM32CubeIDE/plugins/com.st.stm32cube.ide.mcu.externaltools.gnu-tools-for-stm32.12.3.rel1.win32_1.0.100.202403111256/tools/bin/../lib/gcc/arm-none-eabi/12.3.1/thumb/v7e-m+fp/hard/crtend.o
LOAD C:/ST/STM32CubeIDE_1.15.1/STM32CubeIDE/plugins/com.st.stm32cube.ide.mcu.externaltools.gnu-tools-for-stm32.12.3.rel1.win32_1.0.100.202403111256/tools/bin/../lib/gcc/arm-none-eabi/12.3.1/thumb/v7e-m+fp/hard/crtn.o
                0x20020000                        _estack = (ORIGIN (RAM) + LENGTH (RAM))
                0x00000200                        _Min_Heap_Size = 0x200
                0x00000400                        _Min_Stack_Size = 0x400

.isr_vector     0x08000000      0x188
                0x08000000                        . = ALIGN (0x4)
 *(.isr_vector)
 .isr_vector    0x08000000      0x188 ./Core/Startup/startup_stm32f407vetx.o
                0x08000000                g_pfnVectors
                0x08000188                        . = ALIGN (0x4)

.text           0x08000188     0x7c24
                0x08000188                        . = ALIGN (0x4)
 *(.text)
 .text          0x08000188       0x40 C:/ST/STM32CubeIDE_1.15.1/STM32CubeIDE/plugins/com.st.stm32cube.ide.mcu.externaltools.gnu-tools-for-stm32.12.3.rel1.win32_1.0.100.202403111256/tools/bin/../lib/gcc/arm-none-eabi/12.3.1/thumb/v7e-m+fp/hard/crtbegin.o
 .text          0x080001c8       0x30 C:/ST/STM32CubeIDE_1.15.1/STM32CubeIDE/plugins/com.st.stm32cube.ide.mcu.externaltools.gnu-tools-for-stm32.12.3.rel1.win32_1.0.100.202403111256/tools/bin/../lib/gcc/arm-none-eabi/12.3.1/thumb/v7e-m+fp/hard\libgcc.a(_aeabi_uldivmod.o)
                0x080001c8                __aeabi_uldivmod
 .text          0x080001f8      0x2bc C:/ST/STM32CubeIDE_1.15.1/STM32CubeIDE/plugins/com.st.stm32cube.ide.mcu.externaltools.gnu-tools-for-stm32.12.3.rel1.win32_1.0.100.202403111256/tools/bin/../lib/gcc/arm-none-eabi/12.3.1/thumb/v7e-m+fp/hard\libgcc.a(_udivmoddi4.o)
                0x080001f8                __udivmoddi4
 .text          0x080004b4        0x4 C:/ST/STM32CubeIDE_1.15.1/STM32CubeIDE/plugins/com.st.stm32cube.ide.mcu.externaltools.gnu-tools-for-stm32.12.3.rel1.win32_1.0.100.202403111256/tools/bin/../lib/gcc/arm-none-eabi/12.3.1/thumb/v7e-m+fp/hard\libgcc.a(_dvmd_tls.o)
                0x080004b4                __aeabi_idiv0
                0x080004b4                __aeabi_ldiv0
 *(.text*)
 .text.main     0x080004b8       0xec ./Core/Src/main.o
                0x080004b8                main
 .text.SystemClock_Config
                0x080005a4       0xd0 ./Core/Src/main.o
                0x080005a4                SystemClock_Config
 .text.MX_CRC_Init
                0x08000674       0x28 ./Core/Src/main.o
 .text.MX_GPIO_Init
                0x0800069c       0xb8 ./Core/Src/main.o
 .text.Error_Handler
                0x08000754        0xc ./Core/Src/main.o
                0x08000754                Error_Handler
 .text.HAL_MspInit
                0x08000760       0x50 ./Core/Src/stm32f4xx_hal_msp.o
                0x08000760                HAL_MspInit
 .text.HAL_CRC_MspInit
                0x080007b0       0x44 ./Core/Src/stm32f4xx_hal_msp.o
                0x080007b0                HAL_CRC_MspInit
 .text.NMI_Handler
                0x080007f4        0x8 ./Core/Src/stm32f4xx_it.o
                0x080007f4                NMI_Handler
 .text.HardFault_Handler
                0x080007fc        0x8 ./Core/Src/stm32f4xx_it.o
                0x080007fc                HardFault_Handler
 .text.MemManage_Handler
                0x08000804        0x8 ./Core/Src/stm32f4xx_it.o
                0x08000804                MemManage_Handler
 .text.BusFault_Handler
                0x0800080c        0x8 ./Core/Src/stm32f4xx_it.o
                0x0800080c                BusFault_Handler
 .text.UsageFault_Handler
                0x08000814        0x8 ./Core/Src/stm32f4xx_it.o
                0x08000814                UsageFault_Handler
 .text.SVC_Handler
                0x0800081c        0xe ./Core/Src/stm32f4xx_it.o
                0x0800081c                SVC_Handler
 .text.DebugMon_Handler
                0x0800082a        0xe ./Core/Src/stm32f4xx_it.o
                0x0800082a                DebugMon_Handler
 .text.PendSV_Handler
                0x08000838        0xe ./Core/Src/stm32f4xx_it.o
                0x08000838                PendSV_Handler
 .text.SysTick_Handler
                0x08000846        0xc ./Core/Src/stm32f4xx_it.o
                0x08000846                SysTick_Handler
 *fill*         0x08000852        0x2 
 .text.OTG_FS_IRQHandler
                0x08000854       0x14 ./Core/Src/stm32f4xx_it.o
                0x08000854                OTG_FS_IRQHandler
 .text.SystemInit
                0x08000868       0x24 ./Core/Src/system_stm32f4xx.o
                0x08000868                SystemInit
 .text.Reset_Handler
                0x0800088c       0x50 ./Core/Startup/startup_stm32f407vetx.o
                0x0800088c                Reset_Handler
 .text.Default_Handler
                0x080008dc        0x2 ./Core/Startup/startup_stm32f407vetx.o
                0x080008dc                RTC_Alarm_IRQHandler
                0x080008dc                HASH_RNG_IRQHandler
                0x080008dc                EXTI2_IRQHandler
                0x080008dc                TIM8_CC_IRQHandler
                0x080008dc                TIM1_CC_IRQHandler
                0x080008dc                DMA2_Stream5_IRQHandler
                0x080008dc                DMA1_Stream5_IRQHandler
                0x080008dc                PVD_IRQHandler
                0x080008dc                SDIO_IRQHandler
                0x080008dc                TAMP_STAMP_IRQHandler
                0x080008dc                CAN2_RX1_IRQHandler
                0x080008dc                EXTI3_IRQHandler
                0x080008dc                TIM8_TRG_COM_TIM14_IRQHandler
                0x080008dc                TIM1_UP_TIM10_IRQHandler
                0x080008dc                TIM8_UP_TIM13_IRQHandler
                0x080008dc                I2C3_ER_IRQHandler
                0x080008dc                EXTI0_IRQHandler
                0x080008dc                I2C2_EV_IRQHandler
                0x080008dc                DMA1_Stream2_IRQHandler
                0x080008dc                CAN1_RX0_IRQHandler
                0x080008dc                FPU_IRQHandler
                0x080008dc                OTG_HS_WKUP_IRQHandler
                0x080008dc                CAN2_SCE_IRQHandler
                0x080008dc                DMA2_Stream2_IRQHandler
                0x080008dc                SPI1_IRQHandler
                0x080008dc                TIM6_DAC_IRQHandler
                0x080008dc                TIM1_BRK_TIM9_IRQHandler
                0x080008dc                DCMI_IRQHandler
                0x080008dc                CAN2_RX0_IRQHandler
                0x080008dc                DMA2_Stream3_IRQHandler
                0x080008dc                USART6_IRQHandler
                0x080008dc                USART3_IRQHandler
                0x080008dc                CAN1_RX1_IRQHandler
                0x080008dc                UART5_IRQHandler
                0x080008dc                DMA2_Stream0_IRQHandler
                0x080008dc                TIM4_IRQHandler
                0x080008dc                I2C1_EV_IRQHandler
                0x080008dc                DMA1_Stream6_IRQHandler
                0x080008dc                DMA1_Stream1_IRQHandler
                0x080008dc                UART4_IRQHandler
                0x080008dc                TIM3_IRQHandler
                0x080008dc                RCC_IRQHandler
                0x080008dc                TIM8_BRK_TIM12_IRQHandler
                0x080008dc                Default_Handler
                0x080008dc                EXTI15_10_IRQHandler
                0x080008dc                ADC_IRQHandler
                0x080008dc                DMA1_Stream7_IRQHandler
                0x080008dc                TIM7_IRQHandler
                0x080008dc                CAN2_TX_IRQHandler
                0x080008dc                TIM5_IRQHandler
                0x080008dc                DMA2_Stream7_IRQHandler
                0x080008dc                I2C3_EV_IRQHandler
                0x080008dc                EXTI9_5_IRQHandler
                0x080008dc                RTC_WKUP_IRQHandler
                0x080008dc                ETH_WKUP_IRQHandler
                0x080008dc                SPI2_IRQHandler
                0x080008dc                OTG_HS_EP1_IN_IRQHandler
                0x080008dc                DMA1_Stream0_IRQHandler
                0x080008dc                CAN1_TX_IRQHandler
                0x080008dc                EXTI4_IRQHandler
                0x080008dc                FSMC_IRQHandler
                0x080008dc                ETH_IRQHandler
                0x080008dc                OTG_HS_EP1_OUT_IRQHandler
                0x080008dc                WWDG_IRQHandler
                0x080008dc                TIM2_IRQHandler
                0x080008dc                OTG_FS_WKUP_IRQHandler
                0x080008dc                TIM1_TRG_COM_TIM11_IRQHandler
                0x080008dc                OTG_HS_IRQHandler
                0x080008dc                EXTI1_IRQHandler
                0x080008dc                USART2_IRQHandler
                0x080008dc                I2C2_ER_IRQHandler
                0x080008dc                DMA2_Stream1_IRQHandler
                0x080008dc                CAN1_SCE_IRQHandler
                0x080008dc                FLASH_IRQHandler
                0x080008dc                DMA2_Stream4_IRQHandler
                0x080008dc                USART1_IRQHandler
                0x080008dc                SPI3_IRQHandler
                0x080008dc                DMA1_Stream4_IRQHandler
                0x080008dc                I2C1_ER_IRQHandler
                0x080008dc                DMA2_Stream6_IRQHandler
                0x080008dc                DMA1_Stream3_IRQHandler
 *fill*         0x080008de        0x2 
 .text.HAL_Init
                0x080008e0       0x44 ./Drivers/STM32F4xx_HAL_Driver/Src/stm32f4xx_hal.o
                0x080008e0                HAL_Init
 .text.HAL_DeInit
                0x08000924       0x5c ./Drivers/STM32F4xx_HAL_Driver/Src/stm32f4xx_hal.o
                0x08000924                HAL_DeInit
 .text.HAL_MspDeInit
                0x08000980        0xe ./Drivers/STM32F4xx_HAL_Driver/Src/stm32f4xx_hal.o
                0x08000980                HAL_MspDeInit
 *fill*         0x0800098e        0x2 
 .text.HAL_InitTick
                0x08000990       0x60 ./Drivers/STM32F4xx_HAL_Driver/Src/stm32f4xx_hal.o
                0x08000990                HAL_InitTick
 .text.HAL_IncTick
                0x080009f0       0x28 ./Drivers/STM32F4xx_HAL_Driver/Src/stm32f4xx_hal.o
                0x080009f0                HAL_IncTick
 .text.HAL_GetTick
                0x08000a18       0x18 ./Drivers/STM32F4xx_HAL_Driver/Src/stm32f4xx_hal.o
                0x08000a18                HAL_GetTick
 .text.HAL_Delay
                0x08000a30       0x48 ./Drivers/STM32F4xx_HAL_Driver/Src/stm32f4xx_hal.o
                0x08000a30                HAL_Delay
 .text.__NVIC_SetPriorityGrouping
                0x08000a78       0x48 ./Drivers/STM32F4xx_HAL_Driver/Src/stm32f4xx_hal_cortex.o
 .text.__NVIC_GetPriorityGrouping
                0x08000ac0       0x1c ./Drivers/STM32F4xx_HAL_Driver/Src/stm32f4xx_hal_cortex.o
 .text.__NVIC_EnableIRQ
                0x08000adc       0x3c ./Drivers/STM32F4xx_HAL_Driver/Src/stm32f4xx_hal_cortex.o
 .text.__NVIC_DisableIRQ
                0x08000b18       0x48 ./Drivers/STM32F4xx_HAL_Driver/Src/stm32f4xx_hal_cortex.o
 .text.__NVIC_SetPriority
                0x08000b60       0x54 ./Drivers/STM32F4xx_HAL_Driver/Src/stm32f4xx_hal_cortex.o
 .text.NVIC_EncodePriority
                0x08000bb4       0x66 ./Drivers/STM32F4xx_HAL_Driver/Src/stm32f4xx_hal_cortex.o
 *fill*         0x08000c1a        0x2 
 .text.SysTick_Config
                0x08000c1c       0x44 ./Drivers/STM32F4xx_HAL_Driver/Src/stm32f4xx_hal_cortex.o
 .text.HAL_NVIC_SetPriorityGrouping
                0x08000c60       0x16 ./Drivers/STM32F4xx_HAL_Driver/Src/stm32f4xx_hal_cortex.o
                0x08000c60                HAL_NVIC_SetPriorityGrouping
 .text.HAL_NVIC_SetPriority
                0x08000c76       0x38 ./Drivers/STM32F4xx_HAL_Driver/Src/stm32f4xx_hal_cortex.o
                0x08000c76                HAL_NVIC_SetPriority
 .text.HAL_NVIC_EnableIRQ
                0x08000cae       0x1c ./Drivers/STM32F4xx_HAL_Driver/Src/stm32f4xx_hal_cortex.o
                0x08000cae                HAL_NVIC_EnableIRQ
 .text.HAL_NVIC_DisableIRQ
                0x08000cca       0x1c ./Drivers/STM32F4xx_HAL_Driver/Src/stm32f4xx_hal_cortex.o
                0x08000cca                HAL_NVIC_DisableIRQ
 .text.HAL_SYSTICK_Config
                0x08000ce6       0x18 ./Drivers/STM32F4xx_HAL_Driver/Src/stm32f4xx_hal_cortex.o
                0x08000ce6                HAL_SYSTICK_Config
 .text.HAL_CRC_Init
                0x08000cfe       0x38 ./Drivers/STM32F4xx_HAL_Driver/Src/stm32f4xx_hal_crc.o
                0x08000cfe                HAL_CRC_Init
 *fill*         0x08000d36        0x2 
 .text.HAL_FLASH_Program
                0x08000d38       0xa4 ./Drivers/STM32F4xx_HAL_Driver/Src/stm32f4xx_hal_flash.o
                0x08000d38                HAL_FLASH_Program
 .text.HAL_FLASH_Unlock
                0x08000ddc       0x44 ./Drivers/STM32F4xx_HAL_Driver/Src/stm32f4xx_hal_flash.o
                0x08000ddc                HAL_FLASH_Unlock
 .text.HAL_FLASH_Lock
                0x08000e20       0x20 ./Drivers/STM32F4xx_HAL_Driver/Src/stm32f4xx_hal_flash.o
                0x08000e20                HAL_FLASH_Lock
 .text.FLASH_WaitForLastOperation
                0x08000e40       0x80 ./Drivers/STM32F4xx_HAL_Driver/Src/stm32f4xx_hal_flash.o
                0x08000e40                FLASH_WaitForLastOperation
 .text.FLASH_Program_DoubleWord
                0x08000ec0       0x64 ./Drivers/STM32F4xx_HAL_Driver/Src/stm32f4xx_hal_flash.o
 .text.FLASH_Program_Word
                0x08000f24       0x44 ./Drivers/STM32F4xx_HAL_Driver/Src/stm32f4xx_hal_flash.o
 .text.FLASH_Program_HalfWord
                0x08000f68       0x48 ./Drivers/STM32F4xx_HAL_Driver/Src/stm32f4xx_hal_flash.o
 .text.FLASH_Program_Byte
                0x08000fb0       0x44 ./Drivers/STM32F4xx_HAL_Driver/Src/stm32f4xx_hal_flash.o
 .text.FLASH_SetErrorCode
                0x08000ff4       0xac ./Drivers/STM32F4xx_HAL_Driver/Src/stm32f4xx_hal_flash.o
 .text.HAL_FLASHEx_Erase
                0x080010a0       0xdc ./Drivers/STM32F4xx_HAL_Driver/Src/stm32f4xx_hal_flash_ex.o
                0x080010a0                HAL_FLASHEx_Erase
 .text.FLASH_MassErase
                0x0800117c       0x48 ./Drivers/STM32F4xx_HAL_Driver/Src/stm32f4xx_hal_flash_ex.o
 .text.FLASH_Erase_Sector
                0x080011c4       0x90 ./Drivers/STM32F4xx_HAL_Driver/Src/stm32f4xx_hal_flash_ex.o
                0x080011c4                FLASH_Erase_Sector
 .text.FLASH_FlushCaches
                0x08001254       0x8c ./Drivers/STM32F4xx_HAL_Driver/Src/stm32f4xx_hal_flash_ex.o
                0x08001254                FLASH_FlushCaches
 .text.HAL_GPIO_Init
                0x080012e0      0x338 ./Drivers/STM32F4xx_HAL_Driver/Src/stm32f4xx_hal_gpio.o
                0x080012e0                HAL_GPIO_Init
 .text.HAL_GPIO_DeInit
                0x08001618      0x1f8 ./Drivers/STM32F4xx_HAL_Driver/Src/stm32f4xx_hal_gpio.o
                0x08001618                HAL_GPIO_DeInit
 .text.HAL_GPIO_ReadPin
                0x08001810       0x30 ./Drivers/STM32F4xx_HAL_Driver/Src/stm32f4xx_hal_gpio.o
                0x08001810                HAL_GPIO_ReadPin
 .text.HAL_GPIO_WritePin
                0x08001840       0x32 ./Drivers/STM32F4xx_HAL_Driver/Src/stm32f4xx_hal_gpio.o
                0x08001840                HAL_GPIO_WritePin
 .text.HAL_PCD_Init
                0x08001872      0x21e ./Drivers/STM32F4xx_HAL_Driver/Src/stm32f4xx_hal_pcd.o
                0x08001872                HAL_PCD_Init
 .text.HAL_PCD_DeInit
                0x08001a90       0x46 ./Drivers/STM32F4xx_HAL_Driver/Src/stm32f4xx_hal_pcd.o
                0x08001a90                HAL_PCD_DeInit
 .text.HAL_PCD_Start
                0x08001ad6       0x6a ./Drivers/STM32F4xx_HAL_Driver/Src/stm32f4xx_hal_pcd.o
                0x08001ad6                HAL_PCD_Start
 .text.HAL_PCD_Stop
                0x08001b40       0x76 ./Drivers/STM32F4xx_HAL_Driver/Src/stm32f4xx_hal_pcd.o
                0x08001b40                HAL_PCD_Stop
 .text.HAL_PCD_IRQHandler
                0x08001bb6      0x942 ./Drivers/STM32F4xx_HAL_Driver/Src/stm32f4xx_hal_pcd.o
                0x08001bb6                HAL_PCD_IRQHandler
 .text.HAL_PCD_SetAddress
                0x080024f8       0x48 ./Drivers/STM32F4xx_HAL_Driver/Src/stm32f4xx_hal_pcd.o
                0x080024f8                HAL_PCD_SetAddress
 .text.HAL_PCD_EP_Open
                0x08002540       0xd4 ./Drivers/STM32F4xx_HAL_Driver/Src/stm32f4xx_hal_pcd.o
                0x08002540                HAL_PCD_EP_Open
 .text.HAL_PCD_EP_Close
                0x08002614       0x94 ./Drivers/STM32F4xx_HAL_Driver/Src/stm32f4xx_hal_pcd.o
                0x08002614                HAL_PCD_EP_Close
 .text.HAL_PCD_EP_Receive
                0x080026a8       0x76 ./Drivers/STM32F4xx_HAL_Driver/Src/stm32f4xx_hal_pcd.o
                0x080026a8                HAL_PCD_EP_Receive
 .text.HAL_PCD_EP_GetRxCount
                0x0800271e       0x30 ./Drivers/STM32F4xx_HAL_Driver/Src/stm32f4xx_hal_pcd.o
                0x0800271e                HAL_PCD_EP_GetRxCount
 .text.HAL_PCD_EP_Transmit
                0x0800274e       0x74 ./Drivers/STM32F4xx_HAL_Driver/Src/stm32f4xx_hal_pcd.o
                0x0800274e                HAL_PCD_EP_Transmit
 .text.HAL_PCD_EP_SetStall
                0x080027c2       0xc6 ./Drivers/STM32F4xx_HAL_Driver/Src/stm32f4xx_hal_pcd.o
                0x080027c2                HAL_PCD_EP_SetStall
 .text.HAL_PCD_EP_ClrStall
                0x08002888       0xac ./Drivers/STM32F4xx_HAL_Driver/Src/stm32f4xx_hal_pcd.o
                0x08002888                HAL_PCD_EP_ClrStall
 .text.HAL_PCD_EP_Abort
                0x08002934       0x62 ./Drivers/STM32F4xx_HAL_Driver/Src/stm32f4xx_hal_pcd.o
                0x08002934                HAL_PCD_EP_Abort
 .text.PCD_WriteEmptyTxFifo
                0x08002996      0x118 ./Drivers/STM32F4xx_HAL_Driver/Src/stm32f4xx_hal_pcd.o
 *fill*         0x08002aae        0x2 
 .text.PCD_EP_OutXfrComplete_int
                0x08002ab0      0x1d0 ./Drivers/STM32F4xx_HAL_Driver/Src/stm32f4xx_hal_pcd.o
 .text.PCD_EP_OutSetupPacket_int
                0x08002c80       0x8c ./Drivers/STM32F4xx_HAL_Driver/Src/stm32f4xx_hal_pcd.o
 .text.HAL_PCDEx_SetTxFiFo
                0x08002d0c       0x8e ./Drivers/STM32F4xx_HAL_Driver/Src/stm32f4xx_hal_pcd_ex.o
                0x08002d0c                HAL_PCDEx_SetTxFiFo
 .text.HAL_PCDEx_SetRxFiFo
                0x08002d9a       0x22 ./Drivers/STM32F4xx_HAL_Driver/Src/stm32f4xx_hal_pcd_ex.o
                0x08002d9a                HAL_PCDEx_SetRxFiFo
 .text.HAL_PCDEx_LPM_Callback
                0x08002dbc       0x18 ./Drivers/STM32F4xx_HAL_Driver/Src/stm32f4xx_hal_pcd_ex.o
                0x08002dbc                HAL_PCDEx_LPM_Callback
 .text.HAL_RCC_OscConfig
                0x08002dd4      0x4f0 ./Drivers/STM32F4xx_HAL_Driver/Src/stm32f4xx_hal_rcc.o
                0x08002dd4                HAL_RCC_OscConfig
 .text.HAL_RCC_ClockConfig
                0x080032c4      0x1cc ./Drivers/STM32F4xx_HAL_Driver/Src/stm32f4xx_hal_rcc.o
                0x080032c4                HAL_RCC_ClockConfig
 .text.HAL_RCC_GetSysClockFreq
                0x08003490      0x18c ./Drivers/STM32F4xx_HAL_Driver/Src/stm32f4xx_hal_rcc.o
                0x08003490                HAL_RCC_GetSysClockFreq
 .text.HAL_RCC_GetHCLKFreq
                0x0800361c       0x18 ./Drivers/STM32F4xx_HAL_Driver/Src/stm32f4xx_hal_rcc.o
                0x0800361c                HAL_RCC_GetHCLKFreq
 .text.HAL_RCC_DeInit
                0x08003634      0x19c ./Drivers/STM32F4xx_HAL_Driver/Src/stm32f4xx_hal_rcc_ex.o
                0x08003634                HAL_RCC_DeInit
 .text.USB_CoreInit
                0x080037d0       0xc8 ./Drivers/STM32F4xx_HAL_Driver/Src/stm32f4xx_ll_usb.o
                0x080037d0                USB_CoreInit
 .text.USB_SetTurnaroundTime
                0x08003898      0x144 ./Drivers/STM32F4xx_HAL_Driver/Src/stm32f4xx_ll_usb.o
                0x08003898                USB_SetTurnaroundTime
 .text.USB_EnableGlobalInt
                0x080039dc       0x22 ./Drivers/STM32F4xx_HAL_Driver/Src/stm32f4xx_ll_usb.o
                0x080039dc                USB_EnableGlobalInt
 .text.USB_DisableGlobalInt
                0x080039fe       0x22 ./Drivers/STM32F4xx_HAL_Driver/Src/stm32f4xx_ll_usb.o
                0x080039fe                USB_DisableGlobalInt
 .text.USB_SetCurrentMode
                0x08003a20       0x98 ./Drivers/STM32F4xx_HAL_Driver/Src/stm32f4xx_ll_usb.o
                0x08003a20                USB_SetCurrentMode
 .text.USB_DevInit
                0x08003ab8      0x2c8 ./Drivers/STM32F4xx_HAL_Driver/Src/stm32f4xx_ll_usb.o
                0x08003ab8                USB_DevInit
 .text.USB_FlushTxFifo
                0x08003d80       0x64 ./Drivers/STM32F4xx_HAL_Driver/Src/stm32f4xx_ll_usb.o
                0x08003d80                USB_FlushTxFifo
 .text.USB_FlushRxFifo
                0x08003de4       0x5c ./Drivers/STM32F4xx_HAL_Driver/Src/stm32f4xx_ll_usb.o
                0x08003de4                USB_FlushRxFifo
 .text.USB_SetDevSpeed
                0x08003e40       0x32 ./Drivers/STM32F4xx_HAL_Driver/Src/stm32f4xx_ll_usb.o
                0x08003e40                USB_SetDevSpeed
 .text.USB_GetDevSpeed
                0x08003e72       0x4a ./Drivers/STM32F4xx_HAL_Driver/Src/stm32f4xx_ll_usb.o
                0x08003e72                USB_GetDevSpeed
 .text.USB_ActivateEndpoint
                0x08003ebc      0x10e ./Drivers/STM32F4xx_HAL_Driver/Src/stm32f4xx_ll_usb.o
                0x08003ebc                USB_ActivateEndpoint
 *fill*         0x08003fca        0x2 
 .text.USB_DeactivateEndpoint
                0x08003fcc      0x1b8 ./Drivers/STM32F4xx_HAL_Driver/Src/stm32f4xx_ll_usb.o
                0x08003fcc                USB_DeactivateEndpoint
 .text.USB_EPStartXfer
                0x08004184      0x53c ./Drivers/STM32F4xx_HAL_Driver/Src/stm32f4xx_ll_usb.o
                0x08004184                USB_EPStartXfer
 .text.USB_EPStopXfer
                0x080046c0      0x154 ./Drivers/STM32F4xx_HAL_Driver/Src/stm32f4xx_ll_usb.o
                0x080046c0                USB_EPStopXfer
 .text.USB_WritePacket
                0x08004814       0x7c ./Drivers/STM32F4xx_HAL_Driver/Src/stm32f4xx_ll_usb.o
                0x08004814                USB_WritePacket
 .text.USB_ReadPacket
                0x08004890       0xb0 ./Drivers/STM32F4xx_HAL_Driver/Src/stm32f4xx_ll_usb.o
                0x08004890                USB_ReadPacket
 .text.USB_EPSetStall
                0x08004940       0xdc ./Drivers/STM32F4xx_HAL_Driver/Src/stm32f4xx_ll_usb.o
                0x08004940                USB_EPSetStall
 .text.USB_EPClearStall
                0x08004a1c       0xcc ./Drivers/STM32F4xx_HAL_Driver/Src/stm32f4xx_ll_usb.o
                0x08004a1c                USB_EPClearStall
 .text.USB_StopDevice
                0x08004ae8       0x9e ./Drivers/STM32F4xx_HAL_Driver/Src/stm32f4xx_ll_usb.o
                0x08004ae8                USB_StopDevice
 .text.USB_SetDevAddress
                0x08004b86       0x4c ./Drivers/STM32F4xx_HAL_Driver/Src/stm32f4xx_ll_usb.o
                0x08004b86                USB_SetDevAddress
 .text.USB_DevConnect
                0x08004bd2       0x42 ./Drivers/STM32F4xx_HAL_Driver/Src/stm32f4xx_ll_usb.o
                0x08004bd2                USB_DevConnect
 .text.USB_DevDisconnect
                0x08004c14       0x42 ./Drivers/STM32F4xx_HAL_Driver/Src/stm32f4xx_ll_usb.o
                0x08004c14                USB_DevDisconnect
 .text.USB_ReadInterrupts
                0x08004c56       0x26 ./Drivers/STM32F4xx_HAL_Driver/Src/stm32f4xx_ll_usb.o
                0x08004c56                USB_ReadInterrupts
 .text.USB_ReadDevAllOutEpInterrupt
                0x08004c7c       0x34 ./Drivers/STM32F4xx_HAL_Driver/Src/stm32f4xx_ll_usb.o
                0x08004c7c                USB_ReadDevAllOutEpInterrupt
 .text.USB_ReadDevAllInEpInterrupt
                0x08004cb0       0x34 ./Drivers/STM32F4xx_HAL_Driver/Src/stm32f4xx_ll_usb.o
                0x08004cb0                USB_ReadDevAllInEpInterrupt
 .text.USB_ReadDevOutEPInterrupt
                0x08004ce4       0x3c ./Drivers/STM32F4xx_HAL_Driver/Src/stm32f4xx_ll_usb.o
                0x08004ce4                USB_ReadDevOutEPInterrupt
 .text.USB_ReadDevInEPInterrupt
                0x08004d20       0x5c ./Drivers/STM32F4xx_HAL_Driver/Src/stm32f4xx_ll_usb.o
                0x08004d20                USB_ReadDevInEPInterrupt
 .text.USB_GetMode
                0x08004d7c       0x1c ./Drivers/STM32F4xx_HAL_Driver/Src/stm32f4xx_ll_usb.o
                0x08004d7c                USB_GetMode
 .text.USB_ActivateSetup
                0x08004d98       0x46 ./Drivers/STM32F4xx_HAL_Driver/Src/stm32f4xx_ll_usb.o
                0x08004d98                USB_ActivateSetup
 *fill*         0x08004dde        0x2 
 .text.USB_EP0_OutStart
                0x08004de0       0xbc ./Drivers/STM32F4xx_HAL_Driver/Src/stm32f4xx_ll_usb.o
                0x08004de0                USB_EP0_OutStart
 .text.USB_CoreReset
                0x08004e9c       0x70 ./Drivers/STM32F4xx_HAL_Driver/Src/stm32f4xx_ll_usb.o
 .text.parse_request
                0x08004f0c       0x96 ./LB_Flash/CRC.o
                0x08004f0c                parse_request
 *fill*         0x08004fa2        0x2 
 .text.software_crc32
                0x08004fa4       0x74 ./LB_Flash/CRC.o
                0x08004fa4                software_crc32
 .text.boot_verify_crc
                0x08005018       0x32 ./LB_Flash/CRC.o
                0x08005018                boot_verify_crc
 .text.boot_send_ack
                0x0800504a       0x1c ./LB_Flash/CRC.o
                0x0800504a                boot_send_ack
 .text.boot_send_nack
                0x08005066       0x1c ./LB_Flash/CRC.o
                0x08005066                boot_send_nack
 .text.store_flash_memory
                0x08005082       0xa8 ./LB_Flash/Flash_control.o
                0x08005082                store_flash_memory
 *fill*         0x0800512a        0x2 
 .text.JumpToApplication
                0x0800512c       0xb8 ./LB_Flash/bootloder_jumpto_app.o
                0x0800512c                JumpToApplication
 .text.USBD_CDC_Init
                0x080051e4      0x1f0 ./Middlewares/ST/STM32_USB_Device_Library/Class/CDC/Src/usbd_cdc.o
 .text.USBD_CDC_DeInit
                0x080053d4      0x104 ./Middlewares/ST/STM32_USB_Device_Library/Class/CDC/Src/usbd_cdc.o
 .text.USBD_CDC_Setup
                0x080054d8      0x1b8 ./Middlewares/ST/STM32_USB_Device_Library/Class/CDC/Src/usbd_cdc.o
 .text.USBD_CDC_DataIn
                0x08005690       0xfe ./Middlewares/ST/STM32_USB_Device_Library/Class/CDC/Src/usbd_cdc.o
 .text.USBD_CDC_DataOut
                0x0800578e       0x70 ./Middlewares/ST/STM32_USB_Device_Library/Class/CDC/Src/usbd_cdc.o
 .text.USBD_CDC_EP0_RxReady
                0x080057fe       0x74 ./Middlewares/ST/STM32_USB_Device_Library/Class/CDC/Src/usbd_cdc.o
 *fill*         0x08005872        0x2 
 .text.USBD_CDC_GetFSCfgDesc
                0x08005874       0x70 ./Middlewares/ST/STM32_USB_Device_Library/Class/CDC/Src/usbd_cdc.o
 .text.USBD_CDC_GetHSCfgDesc
                0x080058e4       0x70 ./Middlewares/ST/STM32_USB_Device_Library/Class/CDC/Src/usbd_cdc.o
 .text.USBD_CDC_GetOtherSpeedCfgDesc
                0x08005954       0x70 ./Middlewares/ST/STM32_USB_Device_Library/Class/CDC/Src/usbd_cdc.o
 .text.USBD_CDC_GetDeviceQualifierDescriptor
                0x080059c4       0x20 ./Middlewares/ST/STM32_USB_Device_Library/Class/CDC/Src/usbd_cdc.o
                0x080059c4                USBD_CDC_GetDeviceQualifierDescriptor
 .text.USBD_CDC_RegisterInterface
                0x080059e4       0x34 ./Middlewares/ST/STM32_USB_Device_Library/Class/CDC/Src/usbd_cdc.o
                0x080059e4                USBD_CDC_RegisterInterface
 .text.USBD_CDC_SetTxBuffer
                0x08005a18       0x44 ./Middlewares/ST/STM32_USB_Device_Library/Class/CDC/Src/usbd_cdc.o
                0x08005a18                USBD_CDC_SetTxBuffer
 .text.USBD_CDC_SetRxBuffer
                0x08005a5c       0x3a ./Middlewares/ST/STM32_USB_Device_Library/Class/CDC/Src/usbd_cdc.o
                0x08005a5c                USBD_CDC_SetRxBuffer
 *fill*         0x08005a96        0x2 
 .text.USBD_CDC_TransmitPacket
                0x08005a98       0x80 ./Middlewares/ST/STM32_USB_Device_Library/Class/CDC/Src/usbd_cdc.o
                0x08005a98                USBD_CDC_TransmitPacket
 .text.USBD_CDC_ReceivePacket
                0x08005b18       0x6c ./Middlewares/ST/STM32_USB_Device_Library/Class/CDC/Src/usbd_cdc.o
                0x08005b18                USBD_CDC_ReceivePacket
 .text.USBD_Init
                0x08005b84       0x60 ./Middlewares/ST/STM32_USB_Device_Library/Core/Src/usbd_core.o
                0x08005b84                USBD_Init
 .text.USBD_DeInit
                0x08005be4       0x60 ./Middlewares/ST/STM32_USB_Device_Library/Core/Src/usbd_core.o
                0x08005be4                USBD_DeInit
 .text.USBD_RegisterClass
                0x08005c44       0x6c ./Middlewares/ST/STM32_USB_Device_Library/Core/Src/usbd_core.o
                0x08005c44                USBD_RegisterClass
 .text.USBD_Start
                0x08005cb0       0x18 ./Middlewares/ST/STM32_USB_Device_Library/Core/Src/usbd_core.o
                0x08005cb0                USBD_Start
 .text.USBD_RunTestMode
                0x08005cc8       0x16 ./Middlewares/ST/STM32_USB_Device_Library/Core/Src/usbd_core.o
                0x08005cc8                USBD_RunTestMode
 .text.USBD_SetClassConfig
                0x08005cde       0x38 ./Middlewares/ST/STM32_USB_Device_Library/Core/Src/usbd_core.o
                0x08005cde                USBD_SetClassConfig
 .text.USBD_ClrClassConfig
                0x08005d16       0x34 ./Middlewares/ST/STM32_USB_Device_Library/Core/Src/usbd_core.o
                0x08005d16                USBD_ClrClassConfig
 .text.USBD_LL_SetupStage
                0x08005d4a       0xaa ./Middlewares/ST/STM32_USB_Device_Library/Core/Src/usbd_core.o
                0x08005d4a                USBD_LL_SetupStage
 .text.USBD_LL_DataOutStage
                0x08005df4      0x178 ./Middlewares/ST/STM32_USB_Device_Library/Core/Src/usbd_core.o
                0x08005df4                USBD_LL_DataOutStage
 .text.USBD_LL_DataInStage
                0x08005f6c      0x176 ./Middlewares/ST/STM32_USB_Device_Library/Core/Src/usbd_core.o
                0x08005f6c                USBD_LL_DataInStage
 .text.USBD_LL_Reset
                0x080060e2       0xa6 ./Middlewares/ST/STM32_USB_Device_Library/Core/Src/usbd_core.o
                0x080060e2                USBD_LL_Reset
 .text.USBD_LL_SetSpeed
                0x08006188       0x20 ./Middlewares/ST/STM32_USB_Device_Library/Core/Src/usbd_core.o
                0x08006188                USBD_LL_SetSpeed
 .text.USBD_LL_Suspend
                0x080061a8       0x38 ./Middlewares/ST/STM32_USB_Device_Library/Core/Src/usbd_core.o
                0x080061a8                USBD_LL_Suspend
 .text.USBD_LL_Resume
                0x080061e0       0x30 ./Middlewares/ST/STM32_USB_Device_Library/Core/Src/usbd_core.o
                0x080061e0                USBD_LL_Resume
 .text.USBD_LL_SOF
                0x08006210       0x40 ./Middlewares/ST/STM32_USB_Device_Library/Core/Src/usbd_core.o
                0x08006210                USBD_LL_SOF
 .text.USBD_LL_IsoINIncomplete
                0x08006250       0x64 ./Middlewares/ST/STM32_USB_Device_Library/Core/Src/usbd_core.o
                0x08006250                USBD_LL_IsoINIncomplete
 .text.USBD_LL_IsoOUTIncomplete
                0x080062b4       0x64 ./Middlewares/ST/STM32_USB_Device_Library/Core/Src/usbd_core.o
                0x080062b4                USBD_LL_IsoOUTIncomplete
 .text.USBD_LL_DevConnected
                0x08006318       0x16 ./Middlewares/ST/STM32_USB_Device_Library/Core/Src/usbd_core.o
                0x08006318                USBD_LL_DevConnected
 .text.USBD_LL_DevDisconnected
                0x0800632e       0x46 ./Middlewares/ST/STM32_USB_Device_Library/Core/Src/usbd_core.o
                0x0800632e                USBD_LL_DevDisconnected
 .text.USBD_CoreFindIF
                0x08006374       0x1a ./Middlewares/ST/STM32_USB_Device_Library/Core/Src/usbd_core.o
                0x08006374                USBD_CoreFindIF
 .text.USBD_CoreFindEP
                0x0800638e       0x1a ./Middlewares/ST/STM32_USB_Device_Library/Core/Src/usbd_core.o
                0x0800638e                USBD_CoreFindEP
 .text.USBD_GetEpDesc
                0x080063a8       0x70 ./Middlewares/ST/STM32_USB_Device_Library/Core/Src/usbd_core.o
                0x080063a8                USBD_GetEpDesc
 .text.USBD_GetNextDesc
                0x08006418       0x38 ./Middlewares/ST/STM32_USB_Device_Library/Core/Src/usbd_core.o
                0x08006418                USBD_GetNextDesc
 .text.SWAPBYTE
                0x08006450       0x3c ./Middlewares/ST/STM32_USB_Device_Library/Core/Src/usbd_ctlreq.o
 .text.USBD_StdDevReq
                0x0800648c       0xe4 ./Middlewares/ST/STM32_USB_Device_Library/Core/Src/usbd_ctlreq.o
                0x0800648c                USBD_StdDevReq
 .text.USBD_StdItfReq
                0x08006570       0xd8 ./Middlewares/ST/STM32_USB_Device_Library/Core/Src/usbd_ctlreq.o
                0x08006570                USBD_StdItfReq
 .text.USBD_StdEPReq
                0x08006648      0x33e ./Middlewares/ST/STM32_USB_Device_Library/Core/Src/usbd_ctlreq.o
                0x08006648                USBD_StdEPReq
 *fill*         0x08006986        0x2 
 .text.USBD_GetDescriptor
                0x08006988      0x2d4 ./Middlewares/ST/STM32_USB_Device_Library/Core/Src/usbd_ctlreq.o
 .text.USBD_SetAddress
                0x08006c5c       0x88 ./Middlewares/ST/STM32_USB_Device_Library/Core/Src/usbd_ctlreq.o
 .text.USBD_SetConfig
                0x08006ce4      0x154 ./Middlewares/ST/STM32_USB_Device_Library/Core/Src/usbd_ctlreq.o
 .text.USBD_GetConfig
                0x08006e38       0x6c ./Middlewares/ST/STM32_USB_Device_Library/Core/Src/usbd_ctlreq.o
 .text.USBD_GetStatus
                0x08006ea4       0x68 ./Middlewares/ST/STM32_USB_Device_Library/Core/Src/usbd_ctlreq.o
 .text.USBD_SetFeature
                0x08006f0c       0x52 ./Middlewares/ST/STM32_USB_Device_Library/Core/Src/usbd_ctlreq.o
 .text.USBD_ClrFeature
                0x08006f5e       0x44 ./Middlewares/ST/STM32_USB_Device_Library/Core/Src/usbd_ctlreq.o
 .text.USBD_ParseSetupRequest
                0x08006fa2       0x74 ./Middlewares/ST/STM32_USB_Device_Library/Core/Src/usbd_ctlreq.o
                0x08006fa2                USBD_ParseSetupRequest
 .text.USBD_CtlError
                0x08007016       0x22 ./Middlewares/ST/STM32_USB_Device_Library/Core/Src/usbd_ctlreq.o
                0x08007016                USBD_CtlError
 .text.USBD_GetString
                0x08007038       0xa4 ./Middlewares/ST/STM32_USB_Device_Library/Core/Src/usbd_ctlreq.o
                0x08007038                USBD_GetString
 .text.USBD_GetLen
                0x080070dc       0x34 ./Middlewares/ST/STM32_USB_Device_Library/Core/Src/usbd_ctlreq.o
 .text.USBD_CtlSendData
                0x08007110       0x3c ./Middlewares/ST/STM32_USB_Device_Library/Core/Src/usbd_ioreq.o
                0x08007110                USBD_CtlSendData
 .text.USBD_CtlContinueSendData
                0x0800714c       0x22 ./Middlewares/ST/STM32_USB_Device_Library/Core/Src/usbd_ioreq.o
                0x0800714c                USBD_CtlContinueSendData
 .text.USBD_CtlPrepareRx
                0x0800716e       0x42 ./Middlewares/ST/STM32_USB_Device_Library/Core/Src/usbd_ioreq.o
                0x0800716e                USBD_CtlPrepareRx
 .text.USBD_CtlContinueRx
                0x080071b0       0x22 ./Middlewares/ST/STM32_USB_Device_Library/Core/Src/usbd_ioreq.o
                0x080071b0                USBD_CtlContinueRx
 .text.USBD_CtlSendStatus
                0x080071d2       0x26 ./Middlewares/ST/STM32_USB_Device_Library/Core/Src/usbd_ioreq.o
                0x080071d2                USBD_CtlSendStatus
 .text.USBD_CtlReceiveStatus
                0x080071f8       0x26 ./Middlewares/ST/STM32_USB_Device_Library/Core/Src/usbd_ioreq.o
                0x080071f8                USBD_CtlReceiveStatus
 *fill*         0x0800721e        0x2 
 .text.MX_USB_DEVICE_Init
                0x08007220       0x60 ./USB_DEVICE/App/usb_device.o
                0x08007220                MX_USB_DEVICE_Init
 .text.CDC_Init_FS
                0x08007280       0x28 ./USB_DEVICE/App/usbd_cdc_if.o
 .text.CDC_DeInit_FS
                0x080072a8       0x10 ./USB_DEVICE/App/usbd_cdc_if.o
 .text.CDC_Control_FS
                0x080072b8       0xbc ./USB_DEVICE/App/usbd_cdc_if.o
 .text.CDC_Receive_FS
                0x08007374       0x48 ./USB_DEVICE/App/usbd_cdc_if.o
 .text.CDC_Transmit_FS
                0x080073bc       0x4c ./USB_DEVICE/App/usbd_cdc_if.o
                0x080073bc                CDC_Transmit_FS
 .text.CDC_TransmitCplt_FS
                0x08007408       0x22 ./USB_DEVICE/App/usbd_cdc_if.o
 *fill*         0x0800742a        0x2 
 .text.USBD_FS_DeviceDescriptor
                0x0800742c       0x24 ./USB_DEVICE/App/usbd_desc.o
                0x0800742c                USBD_FS_DeviceDescriptor
 .text.USBD_FS_LangIDStrDescriptor
                0x08007450       0x24 ./USB_DEVICE/App/usbd_desc.o
                0x08007450                USBD_FS_LangIDStrDescriptor
 .text.USBD_FS_ProductStrDescriptor
                0x08007474       0x3c ./USB_DEVICE/App/usbd_desc.o
                0x08007474                USBD_FS_ProductStrDescriptor
 .text.USBD_FS_ManufacturerStrDescriptor
                0x080074b0       0x28 ./USB_DEVICE/App/usbd_desc.o
                0x080074b0                USBD_FS_ManufacturerStrDescriptor
 .text.USBD_FS_SerialStrDescriptor
                0x080074d8       0x24 ./USB_DEVICE/App/usbd_desc.o
                0x080074d8                USBD_FS_SerialStrDescriptor
 .text.USBD_FS_ConfigStrDescriptor
                0x080074fc       0x3c ./USB_DEVICE/App/usbd_desc.o
                0x080074fc                USBD_FS_ConfigStrDescriptor
 .text.USBD_FS_InterfaceStrDescriptor
                0x08007538       0x3c ./USB_DEVICE/App/usbd_desc.o
                0x08007538                USBD_FS_InterfaceStrDescriptor
 .text.Get_SerialNum
                0x08007574       0x58 ./USB_DEVICE/App/usbd_desc.o
 .text.IntToUnicode
                0x080075cc       0x7e ./USB_DEVICE/App/usbd_desc.o
 *fill*         0x0800764a        0x2 
 .text.HAL_PCD_MspInit
                0x0800764c       0xa8 ./USB_DEVICE/Target/usbd_conf.o
                0x0800764c                HAL_PCD_MspInit
 .text.HAL_PCD_MspDeInit
                0x080076f4       0x40 ./USB_DEVICE/Target/usbd_conf.o
                0x080076f4                HAL_PCD_MspDeInit
 .text.HAL_PCD_SetupStageCallback
                0x08007734       0x24 ./USB_DEVICE/Target/usbd_conf.o
                0x08007734                HAL_PCD_SetupStageCallback
 .text.HAL_PCD_DataOutStageCallback
                0x08007758       0x36 ./USB_DEVICE/Target/usbd_conf.o
                0x08007758                HAL_PCD_DataOutStageCallback
 .text.HAL_PCD_DataInStageCallback
                0x0800778e       0x34 ./USB_DEVICE/Target/usbd_conf.o
                0x0800778e                HAL_PCD_DataInStageCallback
 .text.HAL_PCD_SOFCallback
                0x080077c2       0x1c ./USB_DEVICE/Target/usbd_conf.o
                0x080077c2                HAL_PCD_SOFCallback
 .text.HAL_PCD_ResetCallback
                0x080077de       0x50 ./USB_DEVICE/Target/usbd_conf.o
                0x080077de                HAL_PCD_ResetCallback
 *fill*         0x0800782e        0x2 
 .text.HAL_PCD_SuspendCallback
                0x08007830       0x4c ./USB_DEVICE/Target/usbd_conf.o
                0x08007830                HAL_PCD_SuspendCallback
 .text.HAL_PCD_ResumeCallback
                0x0800787c       0x1c ./USB_DEVICE/Target/usbd_conf.o
                0x0800787c                HAL_PCD_ResumeCallback
 .text.HAL_PCD_ISOOUTIncompleteCallback
                0x08007898       0x24 ./USB_DEVICE/Target/usbd_conf.o
                0x08007898                HAL_PCD_ISOOUTIncompleteCallback
 .text.HAL_PCD_ISOINIncompleteCallback
                0x080078bc       0x24 ./USB_DEVICE/Target/usbd_conf.o
                0x080078bc                HAL_PCD_ISOINIncompleteCallback
 .text.HAL_PCD_ConnectCallback
                0x080078e0       0x1c ./USB_DEVICE/Target/usbd_conf.o
                0x080078e0                HAL_PCD_ConnectCallback
 .text.HAL_PCD_DisconnectCallback
                0x080078fc       0x1c ./USB_DEVICE/Target/usbd_conf.o
                0x080078fc                HAL_PCD_DisconnectCallback
 .text.USBD_LL_Init
                0x08007918       0x98 ./USB_DEVICE/Target/usbd_conf.o
                0x08007918                USBD_LL_Init
 .text.USBD_LL_DeInit
                0x080079b0       0x36 ./USB_DEVICE/Target/usbd_conf.o
                0x080079b0                USBD_LL_DeInit
 .text.USBD_LL_Start
                0x080079e6       0x36 ./USB_DEVICE/Target/usbd_conf.o
                0x080079e6                USBD_LL_Start
 .text.USBD_LL_Stop
                0x08007a1c       0x36 ./USB_DEVICE/Target/usbd_conf.o
                0x08007a1c                USBD_LL_Stop
 .text.USBD_LL_OpenEP
                0x08007a52       0x4c ./USB_DEVICE/Target/usbd_conf.o
                0x08007a52                USBD_LL_OpenEP
 .text.USBD_LL_CloseEP
                0x08007a9e       0x3e ./USB_DEVICE/Target/usbd_conf.o
                0x08007a9e                USBD_LL_CloseEP
 .text.USBD_LL_StallEP
                0x08007adc       0x3e ./USB_DEVICE/Target/usbd_conf.o
                0x08007adc                USBD_LL_StallEP
 .text.USBD_LL_ClearStallEP
                0x08007b1a       0x3e ./USB_DEVICE/Target/usbd_conf.o
                0x08007b1a                USBD_LL_ClearStallEP
 .text.USBD_LL_IsStallEP
                0x08007b58       0x58 ./USB_DEVICE/Target/usbd_conf.o
                0x08007b58                USBD_LL_IsStallEP
 .text.USBD_LL_SetUSBAddress
                0x08007bb0       0x3e ./USB_DEVICE/Target/usbd_conf.o
                0x08007bb0                USBD_LL_SetUSBAddress
 .text.USBD_LL_Transmit
                0x08007bee       0x42 ./USB_DEVICE/Target/usbd_conf.o
                0x08007bee                USBD_LL_Transmit
 .text.USBD_LL_PrepareReceive
                0x08007c30       0x42 ./USB_DEVICE/Target/usbd_conf.o
                0x08007c30                USBD_LL_PrepareReceive
 .text.USBD_LL_GetRxDataSize
                0x08007c72       0x26 ./USB_DEVICE/Target/usbd_conf.o
                0x08007c72                USBD_LL_GetRxDataSize
 .text.USBD_static_malloc
                0x08007c98       0x1c ./USB_DEVICE/Target/usbd_conf.o
                0x08007c98                USBD_static_malloc
 .text.USBD_static_free
                0x08007cb4       0x14 ./USB_DEVICE/Target/usbd_conf.o
                0x08007cb4                USBD_static_free
 .text.USBD_Get_USB_Status
                0x08007cc8       0x58 ./USB_DEVICE/Target/usbd_conf.o
                0x08007cc8                USBD_Get_USB_Status
 .text.memset   0x08007d20       0x10 C:/ST/STM32CubeIDE_1.15.1/STM32CubeIDE/plugins/com.st.stm32cube.ide.mcu.externaltools.gnu-tools-for-stm32.12.3.rel1.win32_1.0.100.202403111256/tools/bin/../lib/gcc/arm-none-eabi/12.3.1/../../../../arm-none-eabi/lib/thumb/v7e-m+fp/hard\libc_nano.a(libc_a-memset.o)
                0x08007d20                memset
 .text.__libc_init_array
                0x08007d30       0x48 C:/ST/STM32CubeIDE_1.15.1/STM32CubeIDE/plugins/com.st.stm32cube.ide.mcu.externaltools.gnu-tools-for-stm32.12.3.rel1.win32_1.0.100.202403111256/tools/bin/../lib/gcc/arm-none-eabi/12.3.1/../../../../arm-none-eabi/lib/thumb/v7e-m+fp/hard\libc_nano.a(libc_a-init.o)
                0x08007d30                __libc_init_array
 .text.memcpy   0x08007d78       0x1c C:/ST/STM32CubeIDE_1.15.1/STM32CubeIDE/plugins/com.st.stm32cube.ide.mcu.externaltools.gnu-tools-for-stm32.12.3.rel1.win32_1.0.100.202403111256/tools/bin/../lib/gcc/arm-none-eabi/12.3.1/../../../../arm-none-eabi/lib/thumb/v7e-m+fp/hard\libc_nano.a(libc_a-memcpy-stub.o)
                0x08007d78                memcpy
 *(.glue_7)
 .glue_7        0x08007d94        0x0 linker stubs
 *(.glue_7t)
 .glue_7t       0x08007d94        0x0 linker stubs
 *(.eh_frame)
 .eh_frame      0x08007d94        0x0 C:/ST/STM32CubeIDE_1.15.1/STM32CubeIDE/plugins/com.st.stm32cube.ide.mcu.externaltools.gnu-tools-for-stm32.12.3.rel1.win32_1.0.100.202403111256/tools/bin/../lib/gcc/arm-none-eabi/12.3.1/thumb/v7e-m+fp/hard/crtbegin.o
 *(.init)
 .init          0x08007d94        0x4 C:/ST/STM32CubeIDE_1.15.1/STM32CubeIDE/plugins/com.st.stm32cube.ide.mcu.externaltools.gnu-tools-for-stm32.12.3.rel1.win32_1.0.100.202403111256/tools/bin/../lib/gcc/arm-none-eabi/12.3.1/thumb/v7e-m+fp/hard/crti.o
                0x08007d94                _init
 .init          0x08007d98        0x8 C:/ST/STM32CubeIDE_1.15.1/STM32CubeIDE/plugins/com.st.stm32cube.ide.mcu.externaltools.gnu-tools-for-stm32.12.3.rel1.win32_1.0.100.202403111256/tools/bin/../lib/gcc/arm-none-eabi/12.3.1/thumb/v7e-m+fp/hard/crtn.o
 *(.fini)
 .fini          0x08007da0        0x4 C:/ST/STM32CubeIDE_1.15.1/STM32CubeIDE/plugins/com.st.stm32cube.ide.mcu.externaltools.gnu-tools-for-stm32.12.3.rel1.win32_1.0.100.202403111256/tools/bin/../lib/gcc/arm-none-eabi/12.3.1/thumb/v7e-m+fp/hard/crti.o
                0x08007da0                _fini
 .fini          0x08007da4        0x8 C:/ST/STM32CubeIDE_1.15.1/STM32CubeIDE/plugins/com.st.stm32cube.ide.mcu.externaltools.gnu-tools-for-stm32.12.3.rel1.win32_1.0.100.202403111256/tools/bin/../lib/gcc/arm-none-eabi/12.3.1/thumb/v7e-m+fp/hard/crtn.o
                0x08007dac                        . = ALIGN (0x4)
                0x08007dac                        _etext = .

.vfp11_veneer   0x08007dac        0x0
 .vfp11_veneer  0x08007dac        0x0 linker stubs

.v4_bx          0x08007dac        0x0
 .v4_bx         0x08007dac        0x0 linker stubs

.iplt           0x08007dac        0x0
 .iplt          0x08007dac        0x0 C:/ST/STM32CubeIDE_1.15.1/STM32CubeIDE/plugins/com.st.stm32cube.ide.mcu.externaltools.gnu-tools-for-stm32.12.3.rel1.win32_1.0.100.202403111256/tools/bin/../lib/gcc/arm-none-eabi/12.3.1/thumb/v7e-m+fp/hard/crtbegin.o

.rodata         0x08007dac       0x58
                0x08007dac                        . = ALIGN (0x4)
 *(.rodata)
 .rodata        0x08007dac       0x46 ./USB_DEVICE/App/usbd_desc.o
 *(.rodata*)
 *fill*         0x08007df2        0x2 
 .rodata.AHBPrescTable
                0x08007df4       0x10 ./Core/Src/system_stm32f4xx.o
                0x08007df4                AHBPrescTable
                0x08007e04                        . = ALIGN (0x4)

.ARM.extab      0x08007e04        0x0
                0x08007e04                        . = ALIGN (0x4)
 *(.ARM.extab* .gnu.linkonce.armextab.*)
                0x08007e04                        . = ALIGN (0x4)

.ARM            0x08007e04        0x8
                0x08007e04                        . = ALIGN (0x4)
                0x08007e04                        __exidx_start = .
 *(.ARM.exidx*)
 .ARM.exidx     0x08007e04        0x8 C:/ST/STM32CubeIDE_1.15.1/STM32CubeIDE/plugins/com.st.stm32cube.ide.mcu.externaltools.gnu-tools-for-stm32.12.3.rel1.win32_1.0.100.202403111256/tools/bin/../lib/gcc/arm-none-eabi/12.3.1/thumb/v7e-m+fp/hard\libgcc.a(_udivmoddi4.o)
                0x08007e0c                        __exidx_end = .
                0x08007e0c                        . = ALIGN (0x4)

.preinit_array  0x08007e0c        0x0
                0x08007e0c                        . = ALIGN (0x4)
                0x08007e0c                        PROVIDE (__preinit_array_start = .)
 *(.preinit_array*)
                0x08007e0c                        PROVIDE (__preinit_array_end = .)
                0x08007e0c                        . = ALIGN (0x4)

.init_array     0x08007e0c        0x4
                0x08007e0c                        . = ALIGN (0x4)
                0x08007e0c                        PROVIDE (__init_array_start = .)
 *(SORT_BY_NAME(.init_array.*))
 *(.init_array*)
 .init_array    0x08007e0c        0x4 C:/ST/STM32CubeIDE_1.15.1/STM32CubeIDE/plugins/com.st.stm32cube.ide.mcu.externaltools.gnu-tools-for-stm32.12.3.rel1.win32_1.0.100.202403111256/tools/bin/../lib/gcc/arm-none-eabi/12.3.1/thumb/v7e-m+fp/hard/crtbegin.o
                0x08007e10                        PROVIDE (__init_array_end = .)
                0x08007e10                        . = ALIGN (0x4)

.fini_array     0x08007e10        0x4
                0x08007e10                        . = ALIGN (0x4)
                [!provide]                        PROVIDE (__fini_array_start = .)
 *(SORT_BY_NAME(.fini_array.*))
 *(.fini_array*)
 .fini_array    0x08007e10        0x4 C:/ST/STM32CubeIDE_1.15.1/STM32CubeIDE/plugins/com.st.stm32cube.ide.mcu.externaltools.gnu-tools-for-stm32.12.3.rel1.win32_1.0.100.202403111256/tools/bin/../lib/gcc/arm-none-eabi/12.3.1/thumb/v7e-m+fp/hard/crtbegin.o
                [!provide]                        PROVIDE (__fini_array_end = .)
                0x08007e14                        . = ALIGN (0x4)
                0x08007e14                        _sidata = LOADADDR (.data)

.rel.dyn        0x08007e14        0x0
 .rel.iplt      0x08007e14        0x0 C:/ST/STM32CubeIDE_1.15.1/STM32CubeIDE/plugins/com.st.stm32cube.ide.mcu.externaltools.gnu-tools-for-stm32.12.3.rel1.win32_1.0.100.202403111256/tools/bin/../lib/gcc/arm-none-eabi/12.3.1/thumb/v7e-m+fp/hard/crtbegin.o

.data           0x20000000      0x120 load address 0x08007e14
                0x20000000                        . = ALIGN (0x4)
                0x20000000                        _sdata = .
 *(.data)
 *(.data*)
 .data.address  0x20000000        0x4 ./Core/Src/main.o
                0x20000000                address
 .data.SystemCoreClock
                0x20000004        0x4 ./Core/Src/system_stm32f4xx.o
                0x20000004                SystemCoreClock
 .data.uwTickPrio
                0x20000008        0x4 ./Drivers/STM32F4xx_HAL_Driver/Src/stm32f4xx_hal.o
                0x20000008                uwTickPrio
 .data.uwTickFreq
                0x2000000c        0x1 ./Drivers/STM32F4xx_HAL_Driver/Src/stm32f4xx_hal.o
                0x2000000c                uwTickFreq
 *fill*         0x2000000d        0x3 
 .data.pFlash   0x20000010       0x20 ./Drivers/STM32F4xx_HAL_Driver/Src/stm32f4xx_hal_flash.o
                0x20000010                pFlash
 .data.USBD_CDC_DeviceQualifierDesc
                0x20000030        0xa ./Middlewares/ST/STM32_USB_Device_Library/Class/CDC/Src/usbd_cdc.o
 *fill*         0x2000003a        0x2 
 .data.USBD_CDC
                0x2000003c       0x38 ./Middlewares/ST/STM32_USB_Device_Library/Class/CDC/Src/usbd_cdc.o
                0x2000003c                USBD_CDC
 .data.USBD_CDC_CfgDesc
                0x20000074       0x43 ./Middlewares/ST/STM32_USB_Device_Library/Class/CDC/Src/usbd_cdc.o
 .data.CDCInEpAdd
                0x200000b7        0x1 ./Middlewares/ST/STM32_USB_Device_Library/Class/CDC/Src/usbd_cdc.o
 .data.CDCOutEpAdd
                0x200000b8        0x1 ./Middlewares/ST/STM32_USB_Device_Library/Class/CDC/Src/usbd_cdc.o
 .data.CDCCmdEpAdd
                0x200000b9        0x1 ./Middlewares/ST/STM32_USB_Device_Library/Class/CDC/Src/usbd_cdc.o
 *fill*         0x200000ba        0x2 
 .data.USBD_Interface_fops_FS
                0x200000bc       0x14 ./USB_DEVICE/App/usbd_cdc_if.o
                0x200000bc                USBD_Interface_fops_FS
 .data.FS_Desc  0x200000d0       0x1c ./USB_DEVICE/App/usbd_desc.o
                0x200000d0                FS_Desc
 .data.USBD_FS_DeviceDesc
                0x200000ec       0x12 ./USB_DEVICE/App/usbd_desc.o
                0x200000ec                USBD_FS_DeviceDesc
 *fill*         0x200000fe        0x2 
 .data.USBD_LangIDDesc
                0x20000100        0x4 ./USB_DEVICE/App/usbd_desc.o
                0x20000100                USBD_LangIDDesc
 .data.USBD_StringSerial
                0x20000104       0x1a ./USB_DEVICE/App/usbd_desc.o
                0x20000104                USBD_StringSerial
 *(.RamFunc)
 *(.RamFunc*)
                0x20000120                        . = ALIGN (0x4)
 *fill*         0x2000011e        0x2 
                0x20000120                        _edata = .
                0x08007f34                        _siccmram = LOADADDR (.ccmram)

.igot.plt       0x20000120        0x0 load address 0x08007f34
 .igot.plt      0x20000120        0x0 C:/ST/STM32CubeIDE_1.15.1/STM32CubeIDE/plugins/com.st.stm32cube.ide.mcu.externaltools.gnu-tools-for-stm32.12.3.rel1.win32_1.0.100.202403111256/tools/bin/../lib/gcc/arm-none-eabi/12.3.1/thumb/v7e-m+fp/hard/crtbegin.o

.ccmram         0x10000000        0x0 load address 0x08007f34
                0x10000000                        . = ALIGN (0x4)
                0x10000000                        _sccmram = .
 *(.ccmram)
 *(.ccmram*)
                0x10000000                        . = ALIGN (0x4)
                0x10000000                        _eccmram = .
                0x10000000                        . = ALIGN (0x4)

.bss            0x20000120     0x1dac
                0x20000120                        _sbss = .
                0x20000120                        __bss_start__ = _sbss
 *(.bss)
 .bss           0x20000120       0x1c C:/ST/STM32CubeIDE_1.15.1/STM32CubeIDE/plugins/com.st.stm32cube.ide.mcu.externaltools.gnu-tools-for-stm32.12.3.rel1.win32_1.0.100.202403111256/tools/bin/../lib/gcc/arm-none-eabi/12.3.1/thumb/v7e-m+fp/hard/crtbegin.o
 *(.bss*)
 .bss.hcrc      0x2000013c        0x8 ./Core/Src/main.o
                0x2000013c                hcrc
 .bss.command_pc
                0x20000144        0xb ./Core/Src/main.o
                0x20000144                command_pc
 *fill*         0x2000014f        0x1 
 .bss.received_data
                0x20000150      0x190 ./Core/Src/main.o
                0x20000150                received_data
 .bss.uart_size
                0x200002e0        0x2 ./Core/Src/main.o
                0x200002e0                uart_size
 *fill*         0x200002e2        0x2 
 .bss.uwTick    0x200002e4        0x4 ./Drivers/STM32F4xx_HAL_Driver/Src/stm32f4xx_hal.o
                0x200002e4                uwTick
 .bss.cfgidx.0  0x200002e8        0x1 ./Middlewares/ST/STM32_USB_Device_Library/Core/Src/usbd_ctlreq.o
 *fill*         0x200002e9        0x3 
 .bss.hUsbDeviceFS
                0x200002ec      0x2dc ./USB_DEVICE/App/usb_device.o
                0x200002ec                hUsbDeviceFS
 .bss.UserRxBufferFS
                0x200005c8      0x800 ./USB_DEVICE/App/usbd_cdc_if.o
                0x200005c8                UserRxBufferFS
 .bss.UserTxBufferFS
                0x20000dc8      0x800 ./USB_DEVICE/App/usbd_cdc_if.o
                0x20000dc8                UserTxBufferFS
 .bss.USBD_StrDesc
                0x200015c8      0x200 ./USB_DEVICE/App/usbd_desc.o
                0x200015c8                USBD_StrDesc
 .bss.hpcd_USB_OTG_FS
                0x200017c8      0x4e4 ./USB_DEVICE/Target/usbd_conf.o
                0x200017c8                hpcd_USB_OTG_FS
 .bss.mem.0     0x20001cac      0x220 ./USB_DEVICE/Target/usbd_conf.o
 *(COMMON)
                0x20001ecc                        . = ALIGN (0x4)
                0x20001ecc                        _ebss = .
                0x20001ecc                        __bss_end__ = _ebss

._user_heap_stack
                0x20001ecc      0x604
                0x20001ed0                        . = ALIGN (0x8)
 *fill*         0x20001ecc        0x4 
                [!provide]                        PROVIDE (end = .)
                0x20001ed0                        PROVIDE (_end = .)
                0x200020d0                        . = (. + _Min_Heap_Size)
 *fill*         0x20001ed0      0x200 
                0x200024d0                        . = (. + _Min_Stack_Size)
 *fill*         0x200020d0      0x400 
                0x200024d0                        . = ALIGN (0x8)

/DISCARD/
 libc.a(*)
 libm.a(*)
 libgcc.a(*)

.ARM.attributes
                0x00000000       0x30
 *(.ARM.attributes)
 .ARM.attributes
                0x00000000       0x22 C:/ST/STM32CubeIDE_1.15.1/STM32CubeIDE/plugins/com.st.stm32cube.ide.mcu.externaltools.gnu-tools-for-stm32.12.3.rel1.win32_1.0.100.202403111256/tools/bin/../lib/gcc/arm-none-eabi/12.3.1/thumb/v7e-m+fp/hard/crti.o
 .ARM.attributes
                0x00000022       0x34 C:/ST/STM32CubeIDE_1.15.1/STM32CubeIDE/plugins/com.st.stm32cube.ide.mcu.externaltools.gnu-tools-for-stm32.12.3.rel1.win32_1.0.100.202403111256/tools/bin/../lib/gcc/arm-none-eabi/12.3.1/thumb/v7e-m+fp/hard/crtbegin.o
 .ARM.attributes
                0x00000056       0x34 ./Core/Src/main.o
 .ARM.attributes
                0x0000008a       0x34 ./Core/Src/stm32f4xx_hal_msp.o
 .ARM.attributes
                0x000000be       0x34 ./Core/Src/stm32f4xx_it.o
 .ARM.attributes
                0x000000f2       0x34 ./Core/Src/system_stm32f4xx.o
 .ARM.attributes
                0x00000126       0x21 ./Core/Startup/startup_stm32f407vetx.o
 .ARM.attributes
                0x00000147       0x34 ./Drivers/STM32F4xx_HAL_Driver/Src/stm32f4xx_hal.o
 .ARM.attributes
                0x0000017b       0x34 ./Drivers/STM32F4xx_HAL_Driver/Src/stm32f4xx_hal_cortex.o
 .ARM.attributes
                0x000001af       0x34 ./Drivers/STM32F4xx_HAL_Driver/Src/stm32f4xx_hal_crc.o
 .ARM.attributes
                0x000001e3       0x34 ./Drivers/STM32F4xx_HAL_Driver/Src/stm32f4xx_hal_flash.o
 .ARM.attributes
                0x00000217       0x34 ./Drivers/STM32F4xx_HAL_Driver/Src/stm32f4xx_hal_flash_ex.o
 .ARM.attributes
                0x0000024b       0x34 ./Drivers/STM32F4xx_HAL_Driver/Src/stm32f4xx_hal_gpio.o
 .ARM.attributes
                0x0000027f       0x34 ./Drivers/STM32F4xx_HAL_Driver/Src/stm32f4xx_hal_pcd.o
 .ARM.attributes
                0x000002b3       0x34 ./Drivers/STM32F4xx_HAL_Driver/Src/stm32f4xx_hal_pcd_ex.o
 .ARM.attributes
                0x000002e7       0x34 ./Drivers/STM32F4xx_HAL_Driver/Src/stm32f4xx_hal_rcc.o
 .ARM.attributes
                0x0000031b       0x34 ./Drivers/STM32F4xx_HAL_Driver/Src/stm32f4xx_hal_rcc_ex.o
 .ARM.attributes
                0x0000034f       0x34 ./Drivers/STM32F4xx_HAL_Driver/Src/stm32f4xx_ll_usb.o
 .ARM.attributes
                0x00000383       0x34 ./LB_Flash/CRC.o
 .ARM.attributes
                0x000003b7       0x34 ./LB_Flash/Flash_control.o
 .ARM.attributes
                0x000003eb       0x34 ./LB_Flash/bootloder_jumpto_app.o
 .ARM.attributes
                0x0000041f       0x34 ./Middlewares/ST/STM32_USB_Device_Library/Class/CDC/Src/usbd_cdc.o
 .ARM.attributes
                0x00000453       0x34 ./Middlewares/ST/STM32_USB_Device_Library/Core/Src/usbd_core.o
 .ARM.attributes
                0x00000487       0x34 ./Middlewares/ST/STM32_USB_Device_Library/Core/Src/usbd_ctlreq.o
 .ARM.attributes
                0x000004bb       0x34 ./Middlewares/ST/STM32_USB_Device_Library/Core/Src/usbd_ioreq.o
 .ARM.attributes
                0x000004ef       0x34 ./USB_DEVICE/App/usb_device.o
 .ARM.attributes
                0x00000523       0x34 ./USB_DEVICE/App/usbd_cdc_if.o
 .ARM.attributes
                0x00000557       0x34 ./USB_DEVICE/App/usbd_desc.o
 .ARM.attributes
                0x0000058b       0x34 ./USB_DEVICE/Target/usbd_conf.o
 .ARM.attributes
                0x000005bf       0x34 C:/ST/STM32CubeIDE_1.15.1/STM32CubeIDE/plugins/com.st.stm32cube.ide.mcu.externaltools.gnu-tools-for-stm32.12.3.rel1.win32_1.0.100.202403111256/tools/bin/../lib/gcc/arm-none-eabi/12.3.1/../../../../arm-none-eabi/lib/thumb/v7e-m+fp/hard\libc_nano.a(libc_a-memset.o)
 .ARM.attributes
                0x000005f3       0x34 C:/ST/STM32CubeIDE_1.15.1/STM32CubeIDE/plugins/com.st.stm32cube.ide.mcu.externaltools.gnu-tools-for-stm32.12.3.rel1.win32_1.0.100.202403111256/tools/bin/../lib/gcc/arm-none-eabi/12.3.1/../../../../arm-none-eabi/lib/thumb/v7e-m+fp/hard\libc_nano.a(libc_a-init.o)
 .ARM.attributes
                0x00000627       0x34 C:/ST/STM32CubeIDE_1.15.1/STM32CubeIDE/plugins/com.st.stm32cube.ide.mcu.externaltools.gnu-tools-for-stm32.12.3.rel1.win32_1.0.100.202403111256/tools/bin/../lib/gcc/arm-none-eabi/12.3.1/../../../../arm-none-eabi/lib/thumb/v7e-m+fp/hard\libc_nano.a(libc_a-memcpy-stub.o)
 .ARM.attributes
                0x0000065b       0x22 C:/ST/STM32CubeIDE_1.15.1/STM32CubeIDE/plugins/com.st.stm32cube.ide.mcu.externaltools.gnu-tools-for-stm32.12.3.rel1.win32_1.0.100.202403111256/tools/bin/../lib/gcc/arm-none-eabi/12.3.1/thumb/v7e-m+fp/hard\libgcc.a(_aeabi_uldivmod.o)
 .ARM.attributes
                0x0000067d       0x34 C:/ST/STM32CubeIDE_1.15.1/STM32CubeIDE/plugins/com.st.stm32cube.ide.mcu.externaltools.gnu-tools-for-stm32.12.3.rel1.win32_1.0.100.202403111256/tools/bin/../lib/gcc/arm-none-eabi/12.3.1/thumb/v7e-m+fp/hard\libgcc.a(_udivmoddi4.o)
 .ARM.attributes
                0x000006b1       0x22 C:/ST/STM32CubeIDE_1.15.1/STM32CubeIDE/plugins/com.st.stm32cube.ide.mcu.externaltools.gnu-tools-for-stm32.12.3.rel1.win32_1.0.100.202403111256/tools/bin/../lib/gcc/arm-none-eabi/12.3.1/thumb/v7e-m+fp/hard\libgcc.a(_dvmd_tls.o)
 .ARM.attributes
                0x000006d3       0x22 C:/ST/STM32CubeIDE_1.15.1/STM32CubeIDE/plugins/com.st.stm32cube.ide.mcu.externaltools.gnu-tools-for-stm32.12.3.rel1.win32_1.0.100.202403111256/tools/bin/../lib/gcc/arm-none-eabi/12.3.1/thumb/v7e-m+fp/hard/crtn.o
OUTPUT(Flash_F407.elf elf32-littlearm)
LOAD linker stubs
LOAD C:/ST/STM32CubeIDE_1.15.1/STM32CubeIDE/plugins/com.st.stm32cube.ide.mcu.externaltools.gnu-tools-for-stm32.12.3.rel1.win32_1.0.100.202403111256/tools/bin/../lib/gcc/arm-none-eabi/12.3.1/../../../../arm-none-eabi/lib/thumb/v7e-m+fp/hard\libc.a
LOAD C:/ST/STM32CubeIDE_1.15.1/STM32CubeIDE/plugins/com.st.stm32cube.ide.mcu.externaltools.gnu-tools-for-stm32.12.3.rel1.win32_1.0.100.202403111256/tools/bin/../lib/gcc/arm-none-eabi/12.3.1/../../../../arm-none-eabi/lib/thumb/v7e-m+fp/hard\libm.a
LOAD C:/ST/STM32CubeIDE_1.15.1/STM32CubeIDE/plugins/com.st.stm32cube.ide.mcu.externaltools.gnu-tools-for-stm32.12.3.rel1.win32_1.0.100.202403111256/tools/bin/../lib/gcc/arm-none-eabi/12.3.1/thumb/v7e-m+fp/hard\libgcc.a

.debug_info     0x00000000     0xfba9
 .debug_info    0x00000000      0x9e1 ./Core/Src/main.o
 .debug_info    0x000009e1      0x3eb ./Core/Src/stm32f4xx_hal_msp.o
 .debug_info    0x00000dcc      0x627 ./Core/Src/stm32f4xx_it.o
 .debug_info    0x000013f3      0x512 ./Core/Src/system_stm32f4xx.o
 .debug_info    0x00001905       0x30 ./Core/Startup/startup_stm32f407vetx.o
 .debug_info    0x00001935      0x944 ./Drivers/STM32F4xx_HAL_Driver/Src/stm32f4xx_hal.o
 .debug_info    0x00002279      0xd8c ./Drivers/STM32F4xx_HAL_Driver/Src/stm32f4xx_hal_cortex.o
 .debug_info    0x00003005      0x37f ./Drivers/STM32F4xx_HAL_Driver/Src/stm32f4xx_hal_crc.o
 .debug_info    0x00003384      0x57d ./Drivers/STM32F4xx_HAL_Driver/Src/stm32f4xx_hal_flash.o
 .debug_info    0x00003901      0x67f ./Drivers/STM32F4xx_HAL_Driver/Src/stm32f4xx_hal_flash_ex.o
 .debug_info    0x00003f80      0x6c3 ./Drivers/STM32F4xx_HAL_Driver/Src/stm32f4xx_hal_gpio.o
 .debug_info    0x00004643     0x156f ./Drivers/STM32F4xx_HAL_Driver/Src/stm32f4xx_hal_pcd.o
 .debug_info    0x00005bb2      0x6ea ./Drivers/STM32F4xx_HAL_Driver/Src/stm32f4xx_hal_pcd_ex.o
 .debug_info    0x0000629c      0x8c3 ./Drivers/STM32F4xx_HAL_Driver/Src/stm32f4xx_hal_rcc.o
 .debug_info    0x00006b5f      0x536 ./Drivers/STM32F4xx_HAL_Driver/Src/stm32f4xx_hal_rcc_ex.o
 .debug_info    0x00007095     0x1993 ./Drivers/STM32F4xx_HAL_Driver/Src/stm32f4xx_ll_usb.o
 .debug_info    0x00008a28      0x2d8 ./LB_Flash/CRC.o
 .debug_info    0x00008d00      0x1c6 ./LB_Flash/Flash_control.o
 .debug_info    0x00008ec6      0x897 ./LB_Flash/bootloder_jumpto_app.o
 .debug_info    0x0000975d     0x12b1 ./Middlewares/ST/STM32_USB_Device_Library/Class/CDC/Src/usbd_cdc.o
 .debug_info    0x0000aa0e      0xe12 ./Middlewares/ST/STM32_USB_Device_Library/Core/Src/usbd_core.o
 .debug_info    0x0000b820      0xaeb ./Middlewares/ST/STM32_USB_Device_Library/Core/Src/usbd_ctlreq.o
 .debug_info    0x0000c30b      0x762 ./Middlewares/ST/STM32_USB_Device_Library/Core/Src/usbd_ioreq.o
 .debug_info    0x0000ca6d      0x70e ./USB_DEVICE/App/usb_device.o
 .debug_info    0x0000d17b      0x95f ./USB_DEVICE/App/usbd_cdc_if.o
 .debug_info    0x0000dada      0x458 ./USB_DEVICE/App/usbd_desc.o
 .debug_info    0x0000df32     0x1c77 ./USB_DEVICE/Target/usbd_conf.o

.debug_abbrev   0x00000000     0x378c
 .debug_abbrev  0x00000000      0x29d ./Core/Src/main.o
 .debug_abbrev  0x0000029d      0x154 ./Core/Src/stm32f4xx_hal_msp.o
 .debug_abbrev  0x000003f1      0x1a4 ./Core/Src/stm32f4xx_it.o
 .debug_abbrev  0x00000595      0x11a ./Core/Src/system_stm32f4xx.o
 .debug_abbrev  0x000006af       0x24 ./Core/Startup/startup_stm32f407vetx.o
 .debug_abbrev  0x000006d3      0x214 ./Drivers/STM32F4xx_HAL_Driver/Src/stm32f4xx_hal.o
 .debug_abbrev  0x000008e7      0x31d ./Drivers/STM32F4xx_HAL_Driver/Src/stm32f4xx_hal_cortex.o
 .debug_abbrev  0x00000c04      0x1b1 ./Drivers/STM32F4xx_HAL_Driver/Src/stm32f4xx_hal_crc.o
 .debug_abbrev  0x00000db5      0x28c ./Drivers/STM32F4xx_HAL_Driver/Src/stm32f4xx_hal_flash.o
 .debug_abbrev  0x00001041      0x249 ./Drivers/STM32F4xx_HAL_Driver/Src/stm32f4xx_hal_flash_ex.o
 .debug_abbrev  0x0000128a      0x1d4 ./Drivers/STM32F4xx_HAL_Driver/Src/stm32f4xx_hal_gpio.o
 .debug_abbrev  0x0000145e      0x2b9 ./Drivers/STM32F4xx_HAL_Driver/Src/stm32f4xx_hal_pcd.o
 .debug_abbrev  0x00001717      0x1da ./Drivers/STM32F4xx_HAL_Driver/Src/stm32f4xx_hal_pcd_ex.o
 .debug_abbrev  0x000018f1      0x2b7 ./Drivers/STM32F4xx_HAL_Driver/Src/stm32f4xx_hal_rcc.o
 .debug_abbrev  0x00001ba8      0x1b0 ./Drivers/STM32F4xx_HAL_Driver/Src/stm32f4xx_hal_rcc_ex.o
 .debug_abbrev  0x00001d58      0x2b3 ./Drivers/STM32F4xx_HAL_Driver/Src/stm32f4xx_ll_usb.o
 .debug_abbrev  0x0000200b      0x162 ./LB_Flash/CRC.o
 .debug_abbrev  0x0000216d       0xed ./LB_Flash/Flash_control.o
 .debug_abbrev  0x0000225a      0x280 ./LB_Flash/bootloder_jumpto_app.o
 .debug_abbrev  0x000024da      0x2d2 ./Middlewares/ST/STM32_USB_Device_Library/Class/CDC/Src/usbd_cdc.o
 .debug_abbrev  0x000027ac      0x27c ./Middlewares/ST/STM32_USB_Device_Library/Core/Src/usbd_core.o
 .debug_abbrev  0x00002a28      0x26f ./Middlewares/ST/STM32_USB_Device_Library/Core/Src/usbd_ctlreq.o
 .debug_abbrev  0x00002c97      0x19a ./Middlewares/ST/STM32_USB_Device_Library/Core/Src/usbd_ioreq.o
 .debug_abbrev  0x00002e31      0x195 ./USB_DEVICE/App/usb_device.o
 .debug_abbrev  0x00002fc6      0x2a6 ./USB_DEVICE/App/usbd_cdc_if.o
 .debug_abbrev  0x0000326c      0x1e1 ./USB_DEVICE/App/usbd_desc.o
 .debug_abbrev  0x0000344d      0x33f ./USB_DEVICE/Target/usbd_conf.o

.debug_aranges  0x00000000      0xdc0
 .debug_aranges
                0x00000000       0x40 ./Core/Src/main.o
 .debug_aranges
                0x00000040       0x30 ./Core/Src/stm32f4xx_hal_msp.o
 .debug_aranges
                0x00000070       0x68 ./Core/Src/stm32f4xx_it.o
 .debug_aranges
                0x000000d8       0x28 ./Core/Src/system_stm32f4xx.o
 .debug_aranges
                0x00000100       0x28 ./Core/Startup/startup_stm32f407vetx.o
 .debug_aranges
                0x00000128       0xf0 ./Drivers/STM32F4xx_HAL_Driver/Src/stm32f4xx_hal.o
 .debug_aranges
                0x00000218      0x130 ./Drivers/STM32F4xx_HAL_Driver/Src/stm32f4xx_hal_cortex.o
 .debug_aranges
                0x00000348       0x50 ./Drivers/STM32F4xx_HAL_Driver/Src/stm32f4xx_hal_crc.o
 .debug_aranges
                0x00000398       0xa0 ./Drivers/STM32F4xx_HAL_Driver/Src/stm32f4xx_hal_flash.o
 .debug_aranges
                0x00000438       0x98 ./Drivers/STM32F4xx_HAL_Driver/Src/stm32f4xx_hal_flash_ex.o
 .debug_aranges
                0x000004d0       0x58 ./Drivers/STM32F4xx_HAL_Driver/Src/stm32f4xx_hal_gpio.o
 .debug_aranges
                0x00000528      0x148 ./Drivers/STM32F4xx_HAL_Driver/Src/stm32f4xx_hal_pcd.o
 .debug_aranges
                0x00000670       0x38 ./Drivers/STM32F4xx_HAL_Driver/Src/stm32f4xx_hal_pcd_ex.o
 .debug_aranges
                0x000006a8       0x88 ./Drivers/STM32F4xx_HAL_Driver/Src/stm32f4xx_hal_rcc.o
 .debug_aranges
                0x00000730       0x48 ./Drivers/STM32F4xx_HAL_Driver/Src/stm32f4xx_hal_rcc_ex.o
 .debug_aranges
                0x00000778      0x1a0 ./Drivers/STM32F4xx_HAL_Driver/Src/stm32f4xx_ll_usb.o
 .debug_aranges
                0x00000918       0x48 ./LB_Flash/CRC.o
 .debug_aranges
                0x00000960       0x20 ./LB_Flash/Flash_control.o
 .debug_aranges
                0x00000980       0x20 ./LB_Flash/bootloder_jumpto_app.o
 .debug_aranges
                0x000009a0       0x90 ./Middlewares/ST/STM32_USB_Device_Library/Class/CDC/Src/usbd_cdc.o
 .debug_aranges
                0x00000a30       0xd8 ./Middlewares/ST/STM32_USB_Device_Library/Core/Src/usbd_core.o
 .debug_aranges
                0x00000b08       0x90 ./Middlewares/ST/STM32_USB_Device_Library/Core/Src/usbd_ctlreq.o
 .debug_aranges
                0x00000b98       0x50 ./Middlewares/ST/STM32_USB_Device_Library/Core/Src/usbd_ioreq.o
 .debug_aranges
                0x00000be8       0x20 ./USB_DEVICE/App/usb_device.o
 .debug_aranges
                0x00000c08       0x48 ./USB_DEVICE/App/usbd_cdc_if.o
 .debug_aranges
                0x00000c50       0x60 ./USB_DEVICE/App/usbd_desc.o
 .debug_aranges
                0x00000cb0      0x110 ./USB_DEVICE/Target/usbd_conf.o

.debug_rnglists
                0x00000000      0xa17
 .debug_rnglists
                0x00000000       0x2e ./Core/Src/main.o
 .debug_rnglists
                0x0000002e       0x1f ./Core/Src/stm32f4xx_hal_msp.o
 .debug_rnglists
                0x0000004d       0x49 ./Core/Src/stm32f4xx_it.o
 .debug_rnglists
                0x00000096       0x1a ./Core/Src/system_stm32f4xx.o
 .debug_rnglists
                0x000000b0       0x19 ./Core/Startup/startup_stm32f407vetx.o
 .debug_rnglists
                0x000000c9       0xaf ./Drivers/STM32F4xx_HAL_Driver/Src/stm32f4xx_hal.o
 .debug_rnglists
                0x00000178       0xe0 ./Drivers/STM32F4xx_HAL_Driver/Src/stm32f4xx_hal_cortex.o
 .debug_rnglists
                0x00000258       0x37 ./Drivers/STM32F4xx_HAL_Driver/Src/stm32f4xx_hal_crc.o
 .debug_rnglists
                0x0000028f       0x78 ./Drivers/STM32F4xx_HAL_Driver/Src/stm32f4xx_hal_flash.o
 .debug_rnglists
                0x00000307       0x72 ./Drivers/STM32F4xx_HAL_Driver/Src/stm32f4xx_hal_flash_ex.o
 .debug_rnglists
                0x00000379       0x3f ./Drivers/STM32F4xx_HAL_Driver/Src/stm32f4xx_hal_gpio.o
 .debug_rnglists
                0x000003b8       0xfa ./Drivers/STM32F4xx_HAL_Driver/Src/stm32f4xx_hal_pcd.o
 .debug_rnglists
                0x000004b2       0x26 ./Drivers/STM32F4xx_HAL_Driver/Src/stm32f4xx_hal_pcd_ex.o
 .debug_rnglists
                0x000004d8       0x66 ./Drivers/STM32F4xx_HAL_Driver/Src/stm32f4xx_hal_rcc.o
 .debug_rnglists
                0x0000053e       0x35 ./Drivers/STM32F4xx_HAL_Driver/Src/stm32f4xx_hal_rcc_ex.o
 .debug_rnglists
                0x00000573      0x147 ./Drivers/STM32F4xx_HAL_Driver/Src/stm32f4xx_ll_usb.o
 .debug_rnglists
                0x000006ba       0x32 ./LB_Flash/CRC.o
 .debug_rnglists
                0x000006ec       0x14 ./LB_Flash/Flash_control.o
 .debug_rnglists
                0x00000700       0x14 ./LB_Flash/bootloder_jumpto_app.o
 .debug_rnglists
                0x00000714       0x6c ./Middlewares/ST/STM32_USB_Device_Library/Class/CDC/Src/usbd_cdc.o
 .debug_rnglists
                0x00000780       0xa1 ./Middlewares/ST/STM32_USB_Device_Library/Core/Src/usbd_core.o
 .debug_rnglists
                0x00000821       0x6e ./Middlewares/ST/STM32_USB_Device_Library/Core/Src/usbd_ctlreq.o
 .debug_rnglists
                0x0000088f       0x37 ./Middlewares/ST/STM32_USB_Device_Library/Core/Src/usbd_ioreq.o
 .debug_rnglists
                0x000008c6       0x13 ./USB_DEVICE/App/usb_device.o
 .debug_rnglists
                0x000008d9       0x32 ./USB_DEVICE/App/usbd_cdc_if.o
 .debug_rnglists
                0x0000090b       0x43 ./USB_DEVICE/App/usbd_desc.o
 .debug_rnglists
                0x0000094e       0xc9 ./USB_DEVICE/Target/usbd_conf.o

.debug_macro    0x00000000    0x238f9
 .debug_macro   0x00000000      0x368 ./Core/Src/main.o
 .debug_macro   0x00000368      0xab4 ./Core/Src/main.o
 .debug_macro   0x00000e1c      0x29b ./Core/Src/main.o
 .debug_macro   0x000010b7       0x2e ./Core/Src/main.o
 .debug_macro   0x000010e5       0x2f ./Core/Src/main.o
 .debug_macro   0x00001114       0x22 ./Core/Src/main.o
 .debug_macro   0x00001136       0x8e ./Core/Src/main.o
 .debug_macro   0x000011c4       0x51 ./Core/Src/main.o
 .debug_macro   0x00001215      0x103 ./Core/Src/main.o
 .debug_macro   0x00001318       0x6a ./Core/Src/main.o
 .debug_macro   0x00001382      0x1df ./Core/Src/main.o
 .debug_macro   0x00001561       0x1c ./Core/Src/main.o
 .debug_macro   0x0000157d       0x22 ./Core/Src/main.o
 .debug_macro   0x0000159f       0xfb ./Core/Src/main.o
 .debug_macro   0x0000169a     0x1011 ./Core/Src/main.o
 .debug_macro   0x000026ab      0x11f ./Core/Src/main.o
 .debug_macro   0x000027ca    0x15ea5 ./Core/Src/main.o
 .debug_macro   0x0001866f       0x6d ./Core/Src/main.o
 .debug_macro   0x000186dc     0x3693 ./Core/Src/main.o
 .debug_macro   0x0001bd6f      0x189 ./Core/Src/main.o
 .debug_macro   0x0001bef8       0x5c ./Core/Src/main.o
 .debug_macro   0x0001bf54      0x980 ./Core/Src/main.o
 .debug_macro   0x0001c8d4      0x9e9 ./Core/Src/main.o
 .debug_macro   0x0001d2bd      0x115 ./Core/Src/main.o
 .debug_macro   0x0001d3d2      0x13e ./Core/Src/main.o
 .debug_macro   0x0001d510       0xa5 ./Core/Src/main.o
 .debug_macro   0x0001d5b5      0x174 ./Core/Src/main.o
 .debug_macro   0x0001d729      0x287 ./Core/Src/main.o
 .debug_macro   0x0001d9b0       0x5f ./Core/Src/main.o
 .debug_macro   0x0001da0f      0x236 ./Core/Src/main.o
 .debug_macro   0x0001dc45       0x22 ./Core/Src/main.o
 .debug_macro   0x0001dc67      0x12c ./Core/Src/main.o
 .debug_macro   0x0001dd93      0x21e ./Core/Src/main.o
 .debug_macro   0x0001dfb1       0x2e ./Core/Src/main.o
 .debug_macro   0x0001dfdf      0x127 ./Core/Src/main.o
 .debug_macro   0x0001e106       0x7e ./Core/Src/main.o
 .debug_macro   0x0001e184       0x89 ./Core/Src/main.o
 .debug_macro   0x0001e20d      0x293 ./Core/Src/main.o
 .debug_macro   0x0001e4a0       0xba ./Core/Src/main.o
 .debug_macro   0x0001e55a      0x12d ./Core/Src/main.o
 .debug_macro   0x0001e687       0x61 ./Core/Src/main.o
 .debug_macro   0x0001e6e8       0x2a ./Core/Src/main.o
 .debug_macro   0x0001e712       0x43 ./Core/Src/main.o
 .debug_macro   0x0001e755       0x34 ./Core/Src/main.o
 .debug_macro   0x0001e789       0x16 ./Core/Src/main.o
 .debug_macro   0x0001e79f       0x35 ./Core/Src/main.o
 .debug_macro   0x0001e7d4      0x369 ./Core/Src/main.o
 .debug_macro   0x0001eb3d       0x10 ./Core/Src/main.o
 .debug_macro   0x0001eb4d       0x16 ./Core/Src/main.o
 .debug_macro   0x0001eb63       0x43 ./Core/Src/main.o
 .debug_macro   0x0001eba6       0x34 ./Core/Src/main.o
 .debug_macro   0x0001ebda       0x10 ./Core/Src/main.o
 .debug_macro   0x0001ebea       0x58 ./Core/Src/main.o
 .debug_macro   0x0001ec42       0x8e ./Core/Src/main.o
 .debug_macro   0x0001ecd0       0x1c ./Core/Src/main.o
 .debug_macro   0x0001ecec      0x177 ./Core/Src/main.o
 .debug_macro   0x0001ee63       0x16 ./Core/Src/main.o
 .debug_macro   0x0001ee79       0x16 ./Core/Src/main.o
 .debug_macro   0x0001ee8f      0x146 ./Core/Src/main.o
 .debug_macro   0x0001efd5       0x16 ./Core/Src/main.o
 .debug_macro   0x0001efeb       0x16 ./Core/Src/main.o
 .debug_macro   0x0001f001       0x29 ./Core/Src/main.o
 .debug_macro   0x0001f02a       0x16 ./Core/Src/main.o
 .debug_macro   0x0001f040       0x20 ./Core/Src/main.o
 .debug_macro   0x0001f060       0x65 ./Core/Src/main.o
 .debug_macro   0x0001f0c5      0x20f ./Core/Src/main.o
 .debug_macro   0x0001f2d4       0x22 ./Core/Src/main.o
 .debug_macro   0x0001f2f6       0x16 ./Core/Src/main.o
 .debug_macro   0x0001f30c      0x1e8 ./Core/Src/stm32f4xx_hal_msp.o
 .debug_macro   0x0001f4f4      0x1f2 ./Core/Src/stm32f4xx_it.o
 .debug_macro   0x0001f6e6      0x1de ./Core/Src/system_stm32f4xx.o
 .debug_macro   0x0001f8c4      0x23e ./Drivers/STM32F4xx_HAL_Driver/Src/stm32f4xx_hal.o
 .debug_macro   0x0001fb02      0x1de ./Drivers/STM32F4xx_HAL_Driver/Src/stm32f4xx_hal_cortex.o
 .debug_macro   0x0001fce0      0x1de ./Drivers/STM32F4xx_HAL_Driver/Src/stm32f4xx_hal_crc.o
 .debug_macro   0x0001febe      0x1e4 ./Drivers/STM32F4xx_HAL_Driver/Src/stm32f4xx_hal_flash.o
 .debug_macro   0x000200a2      0x1e4 ./Drivers/STM32F4xx_HAL_Driver/Src/stm32f4xx_hal_flash_ex.o
 .debug_macro   0x00020286      0x1e4 ./Drivers/STM32F4xx_HAL_Driver/Src/stm32f4xx_hal_gpio.o
 .debug_macro   0x0002046a      0x1ea ./Drivers/STM32F4xx_HAL_Driver/Src/stm32f4xx_hal_pcd.o
 .debug_macro   0x00020654      0x1de ./Drivers/STM32F4xx_HAL_Driver/Src/stm32f4xx_hal_pcd_ex.o
 .debug_macro   0x00020832      0x202 ./Drivers/STM32F4xx_HAL_Driver/Src/stm32f4xx_hal_rcc.o
 .debug_macro   0x00020a34      0x1de ./Drivers/STM32F4xx_HAL_Driver/Src/stm32f4xx_hal_rcc_ex.o
 .debug_macro   0x00020c12      0x1de ./Drivers/STM32F4xx_HAL_Driver/Src/stm32f4xx_ll_usb.o
 .debug_macro   0x00020df0      0x397 ./LB_Flash/CRC.o
 .debug_macro   0x00021187       0x1c ./LB_Flash/CRC.o
 .debug_macro   0x000211a3       0x95 ./LB_Flash/CRC.o
 .debug_macro   0x00021238       0x10 ./LB_Flash/CRC.o
 .debug_macro   0x00021248      0x2d3 ./LB_Flash/Flash_control.o
 .debug_macro   0x0002151b       0x9e ./LB_Flash/Flash_control.o
 .debug_macro   0x000215b9      0x10b ./LB_Flash/Flash_control.o
 .debug_macro   0x000216c4       0x56 ./LB_Flash/Flash_control.o
 .debug_macro   0x0002171a       0x10 ./LB_Flash/Flash_control.o
 .debug_macro   0x0002172a      0x384 ./LB_Flash/bootloder_jumpto_app.o
 .debug_macro   0x00021aae      0x215 ./LB_Flash/bootloder_jumpto_app.o
 .debug_macro   0x00021cc3      0x377 ./Middlewares/ST/STM32_USB_Device_Library/Class/CDC/Src/usbd_cdc.o
 .debug_macro   0x0002203a      0x35e ./Middlewares/ST/STM32_USB_Device_Library/Core/Src/usbd_core.o
 .debug_macro   0x00022398      0x368 ./Middlewares/ST/STM32_USB_Device_Library/Core/Src/usbd_ctlreq.o
 .debug_macro   0x00022700      0x364 ./Middlewares/ST/STM32_USB_Device_Library/Core/Src/usbd_ioreq.o
 .debug_macro   0x00022a64      0x39d ./USB_DEVICE/App/usb_device.o
 .debug_macro   0x00022e01       0x22 ./USB_DEVICE/App/usb_device.o
 .debug_macro   0x00022e23       0x16 ./USB_DEVICE/App/usb_device.o
 .debug_macro   0x00022e39      0x382 ./USB_DEVICE/App/usbd_cdc_if.o
 .debug_macro   0x000231bb      0x3a1 ./USB_DEVICE/App/usbd_desc.o
 .debug_macro   0x0002355c       0x1c ./USB_DEVICE/App/usbd_desc.o
 .debug_macro   0x00023578      0x381 ./USB_DEVICE/Target/usbd_conf.o

.debug_line     0x00000000    0x14063
 .debug_line    0x00000000      0xb2a ./Core/Src/main.o
 .debug_line    0x00000b2a      0x79b ./Core/Src/stm32f4xx_hal_msp.o
 .debug_line    0x000012c5      0x83e ./Core/Src/stm32f4xx_it.o
 .debug_line    0x00001b03      0x7d9 ./Core/Src/system_stm32f4xx.o
 .debug_line    0x000022dc       0x7a ./Core/Startup/startup_stm32f407vetx.o
 .debug_line    0x00002356      0xa51 ./Drivers/STM32F4xx_HAL_Driver/Src/stm32f4xx_hal.o
 .debug_line    0x00002da7      0xd43 ./Drivers/STM32F4xx_HAL_Driver/Src/stm32f4xx_hal_cortex.o
 .debug_line    0x00003aea      0x8aa ./Drivers/STM32F4xx_HAL_Driver/Src/stm32f4xx_hal_crc.o
 .debug_line    0x00004394      0xb02 ./Drivers/STM32F4xx_HAL_Driver/Src/stm32f4xx_hal_flash.o
 .debug_line    0x00004e96      0xb02 ./Drivers/STM32F4xx_HAL_Driver/Src/stm32f4xx_hal_flash_ex.o
 .debug_line    0x00005998      0xbdd ./Drivers/STM32F4xx_HAL_Driver/Src/stm32f4xx_hal_gpio.o
 .debug_line    0x00006575     0x1540 ./Drivers/STM32F4xx_HAL_Driver/Src/stm32f4xx_hal_pcd.o
 .debug_line    0x00007ab5      0x82e ./Drivers/STM32F4xx_HAL_Driver/Src/stm32f4xx_hal_pcd_ex.o
 .debug_line    0x000082e3      0xdda ./Drivers/STM32F4xx_HAL_Driver/Src/stm32f4xx_hal_rcc.o
 .debug_line    0x000090bd      0xa65 ./Drivers/STM32F4xx_HAL_Driver/Src/stm32f4xx_hal_rcc_ex.o
 .debug_line    0x00009b22     0x1e39 ./Drivers/STM32F4xx_HAL_Driver/Src/stm32f4xx_ll_usb.o
 .debug_line    0x0000b95b      0xb14 ./LB_Flash/CRC.o
 .debug_line    0x0000c46f      0x939 ./LB_Flash/Flash_control.o
 .debug_line    0x0000cda8      0xa69 ./LB_Flash/bootloder_jumpto_app.o
 .debug_line    0x0000d811      0xee9 ./Middlewares/ST/STM32_USB_Device_Library/Class/CDC/Src/usbd_cdc.o
 .debug_line    0x0000e6fa      0xf78 ./Middlewares/ST/STM32_USB_Device_Library/Core/Src/usbd_core.o
 .debug_line    0x0000f672     0x1169 ./Middlewares/ST/STM32_USB_Device_Library/Core/Src/usbd_ctlreq.o
 .debug_line    0x000107db      0xa83 ./Middlewares/ST/STM32_USB_Device_Library/Core/Src/usbd_ioreq.o
 .debug_line    0x0001125e      0xa39 ./USB_DEVICE/App/usb_device.o
 .debug_line    0x00011c97      0xaa8 ./USB_DEVICE/App/usbd_cdc_if.o
 .debug_line    0x0001273f      0xb02 ./USB_DEVICE/App/usbd_desc.o
 .debug_line    0x00013241      0xe22 ./USB_DEVICE/Target/usbd_conf.o

.debug_str      0x00000000    0xc4b45
 .debug_str     0x00000000    0xc09f2 ./Core/Src/main.o
                              0xc0d0a (size before relaxing)
 .debug_str     0x000c09f2       0x4e ./Core/Src/stm32f4xx_hal_msp.o
                              0xbc610 (size before relaxing)
 .debug_str     0x000c0a40      0x460 ./Core/Src/stm32f4xx_it.o
                              0xbc8a8 (size before relaxing)
 .debug_str     0x000c0ea0       0xdb ./Core/Src/system_stm32f4xx.o
                              0xbc59f (size before relaxing)
 .debug_str     0x000c0f7b       0x44 ./Core/Startup/startup_stm32f407vetx.o
                                 0x81 (size before relaxing)
 .debug_str     0x000c0fbf      0xafd ./Drivers/STM32F4xx_HAL_Driver/Src/stm32f4xx_hal.o
                              0xbd123 (size before relaxing)
 .debug_str     0x000c1abc      0x39e ./Drivers/STM32F4xx_HAL_Driver/Src/stm32f4xx_hal_cortex.o
                              0xbce9f (size before relaxing)
 .debug_str     0x000c1e5a       0x9d ./Drivers/STM32F4xx_HAL_Driver/Src/stm32f4xx_hal_crc.o
                              0xbc5cd (size before relaxing)
 .debug_str     0x000c1ef7      0x2b6 ./Drivers/STM32F4xx_HAL_Driver/Src/stm32f4xx_hal_flash.o
                              0xbc78f (size before relaxing)
 .debug_str     0x000c21ad      0x1d1 ./Drivers/STM32F4xx_HAL_Driver/Src/stm32f4xx_hal_flash_ex.o
                              0xbc7df (size before relaxing)
 .debug_str     0x000c237e      0x11b ./Drivers/STM32F4xx_HAL_Driver/Src/stm32f4xx_hal_gpio.o
                              0xbc71a (size before relaxing)
 .debug_str     0x000c2499      0x831 ./Drivers/STM32F4xx_HAL_Driver/Src/stm32f4xx_hal_pcd.o
                              0xbd07d (size before relaxing)
 .debug_str     0x000c2cca      0x115 ./Drivers/STM32F4xx_HAL_Driver/Src/stm32f4xx_hal_pcd_ex.o
                              0xbc96d (size before relaxing)
 .debug_str     0x000c2ddf      0x214 ./Drivers/STM32F4xx_HAL_Driver/Src/stm32f4xx_hal_rcc.o
                              0xbc9d3 (size before relaxing)
 .debug_str     0x000c2ff3      0x179 ./Drivers/STM32F4xx_HAL_Driver/Src/stm32f4xx_hal_rcc_ex.o
                              0xbc6f1 (size before relaxing)
 .debug_str     0x000c316c      0x4b9 ./Drivers/STM32F4xx_HAL_Driver/Src/stm32f4xx_ll_usb.o
                              0xbcf58 (size before relaxing)
 .debug_str     0x000c3625      0x426 ./LB_Flash/CRC.o
                              0xc0b4a (size before relaxing)
 .debug_str     0x000c3a4b       0x49 ./LB_Flash/Flash_control.o
                              0xbfc0c (size before relaxing)
 .debug_str     0x000c3a94      0x414 ./LB_Flash/bootloder_jumpto_app.o
                              0xc0ca0 (size before relaxing)
 .debug_str     0x000c3ea8      0x39e ./Middlewares/ST/STM32_USB_Device_Library/Class/CDC/Src/usbd_cdc.o
                              0xc1578 (size before relaxing)
 .debug_str     0x000c4246      0x34a ./Middlewares/ST/STM32_USB_Device_Library/Core/Src/usbd_core.o
                              0xc0ed1 (size before relaxing)
 .debug_str     0x000c4590      0x139 ./Middlewares/ST/STM32_USB_Device_Library/Core/Src/usbd_ctlreq.o
                              0xc0cfc (size before relaxing)
 .debug_str     0x000c46c9       0x51 ./Middlewares/ST/STM32_USB_Device_Library/Core/Src/usbd_ioreq.o
                              0xc0bd1 (size before relaxing)
 .debug_str     0x000c471a       0xb9 ./USB_DEVICE/App/usb_device.o
                              0xc0f84 (size before relaxing)
 .debug_str     0x000c47d3       0x91 ./USB_DEVICE/App/usbd_cdc_if.o
                              0xc0fea (size before relaxing)
 .debug_str     0x000c4864      0x26e ./USB_DEVICE/App/usbd_desc.o
                              0xc0ac9 (size before relaxing)
 .debug_str     0x000c4ad2       0x73 ./USB_DEVICE/Target/usbd_conf.o
                              0xc1dc6 (size before relaxing)

.comment        0x00000000       0x43
 .comment       0x00000000       0x43 ./Core/Src/main.o
                                 0x44 (size before relaxing)
 .comment       0x00000043       0x44 ./Core/Src/stm32f4xx_hal_msp.o
 .comment       0x00000043       0x44 ./Core/Src/stm32f4xx_it.o
 .comment       0x00000043       0x44 ./Core/Src/system_stm32f4xx.o
 .comment       0x00000043       0x44 ./Drivers/STM32F4xx_HAL_Driver/Src/stm32f4xx_hal.o
 .comment       0x00000043       0x44 ./Drivers/STM32F4xx_HAL_Driver/Src/stm32f4xx_hal_cortex.o
 .comment       0x00000043       0x44 ./Drivers/STM32F4xx_HAL_Driver/Src/stm32f4xx_hal_crc.o
 .comment       0x00000043       0x44 ./Drivers/STM32F4xx_HAL_Driver/Src/stm32f4xx_hal_flash.o
 .comment       0x00000043       0x44 ./Drivers/STM32F4xx_HAL_Driver/Src/stm32f4xx_hal_flash_ex.o
 .comment       0x00000043       0x44 ./Drivers/STM32F4xx_HAL_Driver/Src/stm32f4xx_hal_gpio.o
 .comment       0x00000043       0x44 ./Drivers/STM32F4xx_HAL_Driver/Src/stm32f4xx_hal_pcd.o
 .comment       0x00000043       0x44 ./Drivers/STM32F4xx_HAL_Driver/Src/stm32f4xx_hal_pcd_ex.o
 .comment       0x00000043       0x44 ./Drivers/STM32F4xx_HAL_Driver/Src/stm32f4xx_hal_rcc.o
 .comment       0x00000043       0x44 ./Drivers/STM32F4xx_HAL_Driver/Src/stm32f4xx_hal_rcc_ex.o
 .comment       0x00000043       0x44 ./Drivers/STM32F4xx_HAL_Driver/Src/stm32f4xx_ll_usb.o
 .comment       0x00000043       0x44 ./LB_Flash/CRC.o
 .comment       0x00000043       0x44 ./LB_Flash/Flash_control.o
 .comment       0x00000043       0x44 ./LB_Flash/bootloder_jumpto_app.o
 .comment       0x00000043       0x44 ./Middlewares/ST/STM32_USB_Device_Library/Class/CDC/Src/usbd_cdc.o
 .comment       0x00000043       0x44 ./Middlewares/ST/STM32_USB_Device_Library/Core/Src/usbd_core.o
 .comment       0x00000043       0x44 ./Middlewares/ST/STM32_USB_Device_Library/Core/Src/usbd_ctlreq.o
 .comment       0x00000043       0x44 ./Middlewares/ST/STM32_USB_Device_Library/Core/Src/usbd_ioreq.o
 .comment       0x00000043       0x44 ./USB_DEVICE/App/usb_device.o
 .comment       0x00000043       0x44 ./USB_DEVICE/App/usbd_cdc_if.o
 .comment       0x00000043       0x44 ./USB_DEVICE/App/usbd_desc.o
 .comment       0x00000043       0x44 ./USB_DEVICE/Target/usbd_conf.o

.debug_frame    0x00000000     0x3594
 .debug_frame   0x00000000       0xac ./Core/Src/main.o
 .debug_frame   0x000000ac       0x88 ./Core/Src/stm32f4xx_hal_msp.o
 .debug_frame   0x00000134      0x120 ./Core/Src/stm32f4xx_it.o
 .debug_frame   0x00000254       0x58 ./Core/Src/system_stm32f4xx.o
 .debug_frame   0x000002ac      0x374 ./Drivers/STM32F4xx_HAL_Driver/Src/stm32f4xx_hal.o
 .debug_frame   0x00000620      0x508 ./Drivers/STM32F4xx_HAL_Driver/Src/stm32f4xx_hal_cortex.o
 .debug_frame   0x00000b28      0x120 ./Drivers/STM32F4xx_HAL_Driver/Src/stm32f4xx_hal_crc.o
 .debug_frame   0x00000c48      0x274 ./Drivers/STM32F4xx_HAL_Driver/Src/stm32f4xx_hal_flash.o
 .debug_frame   0x00000ebc      0x250 ./Drivers/STM32F4xx_HAL_Driver/Src/stm32f4xx_hal_flash_ex.o
 .debug_frame   0x0000110c      0x14c ./Drivers/STM32F4xx_HAL_Driver/Src/stm32f4xx_hal_gpio.o
 .debug_frame   0x00001258      0x5b8 ./Drivers/STM32F4xx_HAL_Driver/Src/stm32f4xx_hal_pcd.o